Archive member included to satisfy reference by file (symbol)

d:/rt-threadstudio/repo/extract/toolchain_support_packages/arm/gnu_tools_for_arm_embedded_processors/5.4.1/bin/../lib/gcc/arm-none-eabi/5.4.1/../../../../arm-none-eabi/lib/armv7e-m/fpu\libstdc++_nano.a(si_class_type_info.o)
                              ./applications/main.o (vtable for __cxxabiv1::__si_class_type_info)
d:/rt-threadstudio/repo/extract/toolchain_support_packages/arm/gnu_tools_for_arm_embedded_processors/5.4.1/bin/../lib/gcc/arm-none-eabi/5.4.1/../../../../arm-none-eabi/lib/armv7e-m/fpu\libstdc++_nano.a(eh_personality.o)
                              ./rt-thread/components/libc/cplusplus/cxx_Mutex.o (__gxx_personality_v0)
d:/rt-threadstudio/repo/extract/toolchain_support_packages/arm/gnu_tools_for_arm_embedded_processors/5.4.1/bin/../lib/gcc/arm-none-eabi/5.4.1/../../../../arm-none-eabi/lib/armv7e-m/fpu\libstdc++_nano.a(eh_terminate.o)
                              d:/rt-threadstudio/repo/extract/toolchain_support_packages/arm/gnu_tools_for_arm_embedded_processors/5.4.1/bin/../lib/gcc/arm-none-eabi/5.4.1/../../../../arm-none-eabi/lib/armv7e-m/fpu\libstdc++_nano.a(eh_personality.o) (std::terminate())
d:/rt-threadstudio/repo/extract/toolchain_support_packages/arm/gnu_tools_for_arm_embedded_processors/5.4.1/bin/../lib/gcc/arm-none-eabi/5.4.1/../../../../arm-none-eabi/lib/armv7e-m/fpu\libstdc++_nano.a(tinfo.o)
                              d:/rt-threadstudio/repo/extract/toolchain_support_packages/arm/gnu_tools_for_arm_embedded_processors/5.4.1/bin/../lib/gcc/arm-none-eabi/5.4.1/../../../../arm-none-eabi/lib/armv7e-m/fpu\libstdc++_nano.a(si_class_type_info.o) (std::type_info::__is_function_p() const)
d:/rt-threadstudio/repo/extract/toolchain_support_packages/arm/gnu_tools_for_arm_embedded_processors/5.4.1/bin/../lib/gcc/arm-none-eabi/5.4.1/../../../../arm-none-eabi/lib/armv7e-m/fpu\libstdc++_nano.a(eh_arm.o)
                              d:/rt-threadstudio/repo/extract/toolchain_support_packages/arm/gnu_tools_for_arm_embedded_processors/5.4.1/bin/../lib/gcc/arm-none-eabi/5.4.1/../../../../arm-none-eabi/lib/armv7e-m/fpu\libstdc++_nano.a(eh_personality.o) (__cxa_type_match)
d:/rt-threadstudio/repo/extract/toolchain_support_packages/arm/gnu_tools_for_arm_embedded_processors/5.4.1/bin/../lib/gcc/arm-none-eabi/5.4.1/../../../../arm-none-eabi/lib/armv7e-m/fpu\libstdc++_nano.a(class_type_info.o)
                              d:/rt-threadstudio/repo/extract/toolchain_support_packages/arm/gnu_tools_for_arm_embedded_processors/5.4.1/bin/../lib/gcc/arm-none-eabi/5.4.1/../../../../arm-none-eabi/lib/armv7e-m/fpu\libstdc++_nano.a(si_class_type_info.o) (__cxxabiv1::__class_type_info::__do_upcast(__cxxabiv1::__class_type_info const*, void**) const)
d:/rt-threadstudio/repo/extract/toolchain_support_packages/arm/gnu_tools_for_arm_embedded_processors/5.4.1/bin/../lib/gcc/arm-none-eabi/5.4.1/../../../../arm-none-eabi/lib/armv7e-m/fpu\libstdc++_nano.a(eh_call.o)
                              d:/rt-threadstudio/repo/extract/toolchain_support_packages/arm/gnu_tools_for_arm_embedded_processors/5.4.1/bin/../lib/gcc/arm-none-eabi/5.4.1/../../../../arm-none-eabi/lib/armv7e-m/fpu\libstdc++_nano.a(eh_personality.o) (__cxa_call_terminate)
d:/rt-threadstudio/repo/extract/toolchain_support_packages/arm/gnu_tools_for_arm_embedded_processors/5.4.1/bin/../lib/gcc/arm-none-eabi/5.4.1/../../../../arm-none-eabi/lib/armv7e-m/fpu\libstdc++_nano.a(eh_catch.o)
                              d:/rt-threadstudio/repo/extract/toolchain_support_packages/arm/gnu_tools_for_arm_embedded_processors/5.4.1/bin/../lib/gcc/arm-none-eabi/5.4.1/../../../../arm-none-eabi/lib/armv7e-m/fpu\libstdc++_nano.a(eh_call.o) (__cxa_begin_catch)
d:/rt-threadstudio/repo/extract/toolchain_support_packages/arm/gnu_tools_for_arm_embedded_processors/5.4.1/bin/../lib/gcc/arm-none-eabi/5.4.1/../../../../arm-none-eabi/lib/armv7e-m/fpu\libstdc++_nano.a(eh_term_handler.o)
                              d:/rt-threadstudio/repo/extract/toolchain_support_packages/arm/gnu_tools_for_arm_embedded_processors/5.4.1/bin/../lib/gcc/arm-none-eabi/5.4.1/../../../../arm-none-eabi/lib/armv7e-m/fpu\libstdc++_nano.a(eh_terminate.o) (__cxxabiv1::__terminate_handler)
d:/rt-threadstudio/repo/extract/toolchain_support_packages/arm/gnu_tools_for_arm_embedded_processors/5.4.1/bin/../lib/gcc/arm-none-eabi/5.4.1/../../../../arm-none-eabi/lib/armv7e-m/fpu\libstdc++_nano.a(eh_unex_handler.o)
                              d:/rt-threadstudio/repo/extract/toolchain_support_packages/arm/gnu_tools_for_arm_embedded_processors/5.4.1/bin/../lib/gcc/arm-none-eabi/5.4.1/../../../../arm-none-eabi/lib/armv7e-m/fpu\libstdc++_nano.a(eh_terminate.o) (__cxxabiv1::__unexpected_handler)
d:/rt-threadstudio/repo/extract/toolchain_support_packages/arm/gnu_tools_for_arm_embedded_processors/5.4.1/bin/../lib/gcc/arm-none-eabi/5.4.1/../../../../arm-none-eabi/lib/armv7e-m/fpu\libstdc++_nano.a(eh_globals.o)
[...]
Memory Configuration

Name             Origin             Length             Attributes
ROM              0x08000000         0x00100000         xr
RAM              0x20000000         0x00020000         rw
*default*        0x00000000         0xffffffff

Linker script and memory map

LOAD d:/rt-threadstudio/repo/extract/toolchain_support_packages/arm/gnu_tools_for_arm_embedded_processors/5.4.1/bin/../lib/gcc/arm-none-eabi/5.4.1/armv7e-m/fpu/crti.o
LOAD d:/rt-threadstudio/repo/extract/toolchain_support_packages/arm/gnu_tools_for_arm_embedded_processors/5.4.1/bin/../lib/gcc/arm-none-eabi/5.4.1/armv7e-m/fpu/crtbegin.o
LOAD d:/rt-threadstudio/repo/extract/toolchain_support_packages/arm/gnu_tools_for_arm_embedded_processors/5.4.1/bin/../lib/gcc/arm-none-eabi/5.4.1/../../../../arm-none-eabi/lib/armv7e-m/fpu/crt0.o
LOAD ./rt-thread/src/clock.o
LOAD ./rt-thread/src/components.o
LOAD ./rt-thread/src/device.o
LOAD ./rt-thread/src/idle.o
LOAD ./rt-thread/src/ipc.o
LOAD ./rt-thread/src/irq.o
LOAD ./rt-thread/src/kservice.o
LOAD ./rt-thread/src/mem.o
LOAD ./rt-thread/src/mempool.o
LOAD ./rt-thread/src/object.o
LOAD ./rt-thread/src/scheduler.o
LOAD ./rt-thread/src/thread.o
LOAD ./rt-thread/src/timer.o
LOAD ./rt-thread/libcpu/arm/cortex-m4/context_gcc.o
LOAD ./rt-thread/libcpu/arm/cortex-m4/cpuport.o
LOAD ./rt-thread/libcpu/arm/common/backtrace.o
LOAD ./rt-thread/libcpu/arm/common/div0.o
LOAD ./rt-thread/libcpu/arm/common/showmem.o
LOAD ./rt-thread/components/net/sal/src/sal_socket.o
LOAD ./rt-thread/components/net/sal/socket/net_netdb.o
LOAD ./rt-thread/components/net/sal/impl/af_inet_at.o
LOAD ./rt-thread/components/net/netdev/src/netdev.o
LOAD ./rt-thread/components/net/netdev/src/netdev_ipaddr.o
LOAD ./rt-thread/components/net/at/src/at_cli.o
LOAD ./rt-thread/components/net/at/src/at_client.o
LOAD ./rt-thread/components/net/at/src/at_utils.o
LOAD ./rt-thread/components/net/at/at_socket/at_socket.o
LOAD ./rt-thread/components/libc/cplusplus/cxx_Mutex.o
LOAD ./rt-thread/components/libc/cplusplus/cxx_Semaphore.o
LOAD ./rt-thread/components/libc/cplusplus/cxx_Thread.o
LOAD ./rt-thread/components/libc/cplusplus/cxx_crt.o
LOAD ./rt-thread/components/libc/cplusplus/cxx_crt_init.o
LOAD ./rt-thread/components/libc/compilers/newlib/syscalls.o
LOAD ./rt-thread/components/libc/compilers/common/stdlib.o
LOAD ./rt-thread/components/libc/compilers/common/time.o
LOAD ./rt-thread/components/finsh/cmd.o
LOAD ./rt-thread/components/finsh/msh.o
LOAD ./rt-thread/components/finsh/shell.o
LOAD ./rt-thread/components/drivers/serial/serial.o
LOAD ./rt-thread/components/drivers/misc/pin.o
LOAD ./rt-thread/components/drivers/misc/rt_drv_pwm.o
LOAD ./rt-thread/components/drivers/ipc/completion.o
LOAD ./rt-thread/components/drivers/ipc/dataqueue.o
LOAD ./rt-thread/components/drivers/ipc/pipe.o
LOAD ./rt-thread/components/drivers/ipc/ringblk_buf.o
LOAD ./rt-thread/components/drivers/ipc/ringbuffer.o
LOAD ./rt-thread/components/drivers/ipc/waitqueue.o
LOAD ./rt-thread/components/drivers/ipc/workqueue.o
LOAD ./packages/rosserial-melodic-latest/src/duration.o
LOAD ./packages/rosserial-melodic-latest/src/time.o
LOAD ./packages/at_device-latest/src/at_device.o
LOAD ./packages/at_device-latest/samples/at_sample_esp8266.o
LOAD ./packages/at_device-latest/class/esp8266/at_device_esp8266.o
LOAD ./packages/at_device-latest/class/esp8266/at_socket_esp8266.o
LOAD ./libraries/STM32F4xx_HAL_Driver/Src/Legacy/stm32f4xx_hal_can.o
LOAD ./libraries/STM32F4xx_HAL_Driver/Src/stm32f4xx_hal.o
LOAD ./libraries/STM32F4xx_HAL_Driver/Src/stm32f4xx_hal_adc.o
LOAD ./libraries/STM32F4xx_HAL_Driver/Src/stm32f4xx_hal_adc_ex.o
LOAD ./libraries/STM32F4xx_HAL_Driver/Src/stm32f4xx_hal_can.o
LOAD ./libraries/STM32F4xx_HAL_Driver/Src/stm32f4xx_hal_cec.o
LOAD ./libraries/STM32F4xx_HAL_Driver/Src/stm32f4xx_hal_cortex.o
LOAD ./libraries/STM32F4xx_HAL_Driver/Src/stm32f4xx_hal_crc.o
LOAD ./libraries/STM32F4xx_HAL_Driver/Src/stm32f4xx_hal_cryp.o
LOAD ./libraries/STM32F4xx_HAL_Driver/Src/stm32f4xx_hal_cryp_ex.o
LOAD ./libraries/STM32F4xx_HAL_Driver/Src/stm32f4xx_hal_dac.o
LOAD ./libraries/STM32F4xx_HAL_Driver/Src/stm32f4xx_hal_dac_ex.o
LOAD ./libraries/STM32F4xx_HAL_Driver/Src/stm32f4xx_hal_dcmi.o
LOAD ./libraries/STM32F4xx_HAL_Driver/Src/stm32f4xx_hal_dcmi_ex.o
LOAD ./libraries/STM32F4xx_HAL_Driver/Src/stm32f4xx_hal_dfsdm.o
LOAD ./libraries/STM32F4xx_HAL_Driver/Src/stm32f4xx_hal_dma.o
LOAD ./libraries/STM32F4xx_HAL_Driver/Src/stm32f4xx_hal_dma2d.o
LOAD ./libraries/STM32F4xx_HAL_Driver/Src/stm32f4xx_hal_dma_ex.o
LOAD ./libraries/STM32F4xx_HAL_Driver/Src/stm32f4xx_hal_dsi.o
LOAD ./libraries/STM32F4xx_HAL_Driver/Src/stm32f4xx_hal_eth.o
LOAD ./libraries/STM32F4xx_HAL_Driver/Src/stm32f4xx_hal_exti.o
LOAD ./libraries/STM32F4xx_HAL_Driver/Src/stm32f4xx_hal_flash.o
LOAD ./libraries/STM32F4xx_HAL_Driver/Src/stm32f4xx_hal_flash_ex.o
LOAD ./libraries/STM32F4xx_HAL_Driver/Src/stm32f4xx_hal_flash_ramfunc.o
LOAD ./libraries/STM32F4xx_HAL_Driver/Src/stm32f4xx_hal_fmpi2c.o
LOAD ./libraries/STM32F4xx_HAL_Driver/Src/stm32f4xx_hal_fmpi2c_ex.o
LOAD ./libraries/STM32F4xx_HAL_Driver/Src/stm32f4xx_hal_fmpsmbus.o
LOAD ./libraries/STM32F4xx_HAL_Driver/Src/stm32f4xx_hal_fmpsmbus_ex.o
LOAD ./libraries/STM32F4xx_HAL_Driver/Src/stm32f4xx_hal_gpio.o
LOAD ./libraries/STM32F4xx_HAL_Driver/Src/stm32f4xx_hal_hash.o
LOAD ./libraries/STM32F4xx_HAL_Driver/Src/stm32f4xx_hal_hash_ex.o
LOAD ./libraries/STM32F4xx_HAL_Driver/Src/stm32f4xx_hal_hcd.o
LOAD ./libraries/STM32F4xx_HAL_Driver/Src/stm32f4xx_hal_i2c.o
LOAD ./libraries/STM32F4xx_HAL_Driver/Src/stm32f4xx_hal_i2c_ex.o
LOAD ./libraries/STM32F4xx_HAL_Driver/Src/stm32f4xx_hal_i2s.o
LOAD ./libraries/STM32F4xx_HAL_Driver/Src/stm32f4xx_hal_i2s_ex.o
LOAD ./libraries/STM32F4xx_HAL_Driver/Src/stm32f4xx_hal_irda.o
LOAD ./libraries/STM32F4xx_HAL_Driver/Src/stm32f4xx_hal_iwdg.o
LOAD ./libraries/STM32F4xx_HAL_Driver/Src/stm32f4xx_hal_lptim.o
LOAD ./libraries/STM32F4xx_HAL_Driver/Src/stm32f4xx_hal_ltdc.o
LOAD ./libraries/STM32F4xx_HAL_Driver/Src/stm32f4xx_hal_ltdc_ex.o
LOAD ./libraries/STM32F4xx_HAL_Driver/Src/stm32f4xx_hal_mmc.o
LOAD ./libraries/STM32F4xx_HAL_Driver/Src/stm32f4xx_hal_nand.o
LOAD ./libraries/STM32F4xx_HAL_Driver/Src/stm32f4xx_hal_nor.o
LOAD ./libraries/STM32F4xx_HAL_Driver/Src/stm32f4xx_hal_pccard.o
LOAD ./libraries/STM32F4xx_HAL_Driver/Src/stm32f4xx_hal_pcd.o
LOAD ./libraries/STM32F4xx_HAL_Driver/Src/stm32f4xx_hal_pcd_ex.o
LOAD ./libraries/STM32F4xx_HAL_Driver/Src/stm32f4xx_hal_pwr.o
LOAD ./libraries/STM32F4xx_HAL_Driver/Src/stm32f4xx_hal_pwr_ex.o
LOAD ./libraries/STM32F4xx_HAL_Driver/Src/stm32f4xx_hal_qspi.o
LOAD ./libraries/STM32F4xx_HAL_Driver/Src/stm32f4xx_hal_rcc.o
LOAD ./libraries/STM32F4xx_HAL_Driver/Src/stm32f4xx_hal_rcc_ex.o
LOAD ./libraries/STM32F4xx_HAL_Driver/Src/stm32f4xx_hal_rng.o
LOAD ./libraries/STM32F4xx_HAL_Driver/Src/stm32f4xx_hal_rtc.o
LOAD ./libraries/STM32F4xx_HAL_Driver/Src/stm32f4xx_hal_rtc_ex.o
LOAD ./libraries/STM32F4xx_HAL_Driver/Src/stm32f4xx_hal_sai.o
LOAD ./libraries/STM32F4xx_HAL_Driver/Src/stm32f4xx_hal_sai_ex.o
LOAD ./libraries/STM32F4xx_HAL_Driver/Src/stm32f4xx_hal_sd.o
LOAD ./libraries/STM32F4xx_HAL_Driver/Src/stm32f4xx_hal_sdram.o
LOAD ./libraries/STM32F4xx_HAL_Driver/Src/stm32f4xx_hal_smartcard.o
LOAD ./libraries/STM32F4xx_HAL_Driver/Src/stm32f4xx_hal_smbus.o
LOAD ./libraries/STM32F4xx_HAL_Driver/Src/stm32f4xx_hal_spdifrx.o
LOAD ./libraries/STM32F4xx_HAL_Driver/Src/stm32f4xx_hal_spi.o
LOAD ./libraries/STM32F4xx_HAL_Driver/Src/stm32f4xx_hal_sram.o
LOAD ./libraries/STM32F4xx_HAL_Driver/Src/stm32f4xx_hal_tim.o
LOAD ./libraries/STM32F4xx_HAL_Driver/Src/stm32f4xx_hal_tim_ex.o
LOAD ./libraries/STM32F4xx_HAL_Driver/Src/stm32f4xx_hal_uart.o
LOAD ./libraries/STM32F4xx_HAL_Driver/Src/stm32f4xx_hal_usart.o
LOAD ./libraries/STM32F4xx_HAL_Driver/Src/stm32f4xx_hal_wwdg.o
LOAD ./libraries/STM32F4xx_HAL_Driver/Src/stm32f4xx_ll_adc.o
LOAD ./libraries/STM32F4xx_HAL_Driver/Src/stm32f4xx_ll_crc.o
LOAD ./libraries/STM32F4xx_HAL_Driver/Src/stm32f4xx_ll_dac.o
LOAD ./libraries/STM32F4xx_HAL_Driver/Src/stm32f4xx_ll_dma.o
LOAD ./libraries/STM32F4xx_HAL_Driver/Src/stm32f4xx_ll_dma2d.o
LOAD ./libraries/STM32F4xx_HAL_Driver/Src/stm32f4xx_ll_exti.o
LOAD ./libraries/STM32F4xx_HAL_Driver/Src/stm32f4xx_ll_fmc.o
LOAD ./libraries/STM32F4xx_HAL_Driver/Src/stm32f4xx_ll_fmpi2c.o
LOAD ./libraries/STM32F4xx_HAL_Driver/Src/stm32f4xx_ll_fsmc.o
LOAD ./libraries/STM32F4xx_HAL_Driver/Src/stm32f4xx_ll_gpio.o
LOAD ./libraries/STM32F4xx_HAL_Driver/Src/stm32f4xx_ll_i2c.o
LOAD ./libraries/STM32F4xx_HAL_Driver/Src/stm32f4xx_ll_lptim.o
LOAD ./libraries/STM32F4xx_HAL_Driver/Src/stm32f4xx_ll_pwr.o
LOAD ./libraries/STM32F4xx_HAL_Driver/Src/stm32f4xx_ll_rcc.o
LOAD ./libraries/STM32F4xx_HAL_Driver/Src/stm32f4xx_ll_rng.o
LOAD ./libraries/STM32F4xx_HAL_Driver/Src/stm32f4xx_ll_rtc.o
LOAD ./libraries/STM32F4xx_HAL_Driver/Src/stm32f4xx_ll_sdmmc.o
LOAD ./libraries/STM32F4xx_HAL_Driver/Src/stm32f4xx_ll_spi.o
LOAD ./libraries/STM32F4xx_HAL_Driver/Src/stm32f4xx_ll_tim.o
LOAD ./libraries/STM32F4xx_HAL_Driver/Src/stm32f4xx_ll_usart.o
LOAD ./libraries/STM32F4xx_HAL_Driver/Src/stm32f4xx_ll_usb.o
LOAD ./libraries/STM32F4xx_HAL_Driver/Src/stm32f4xx_ll_utils.o
LOAD ./libraries/CMSIS/Device/ST/STM32F4xx/Source/Templates/gcc/startup_stm32f407xx.o
LOAD ./libraries/CMSIS/Device/ST/STM32F4xx/Source/Templates/system_stm32f4xx.o
LOAD ./drivers/board.o
LOAD ./drivers/drv_adc.o
LOAD ./drivers/drv_clk.o
LOAD ./drivers/drv_common.o
LOAD ./drivers/drv_eth.o
LOAD ./drivers/drv_flash_f4.o
LOAD ./drivers/drv_gpio.o
LOAD ./drivers/drv_hwtimer.o
LOAD ./drivers/drv_pwm.o
LOAD ./drivers/drv_qspi.o
LOAD ./drivers/drv_rtc.o
LOAD ./drivers/drv_sdio.o
LOAD ./drivers/drv_soft_i2c.o
LOAD ./drivers/drv_spi.o
LOAD ./drivers/drv_usart.o
LOAD ./drivers/drv_usbd.o
LOAD ./drivers/drv_usbh.o
LOAD ./drivers/drv_wdt.o
LOAD ./applications/main.o
LOAD ./applications/motors.o
LOAD d:/rt-threadstudio/repo/extract/toolchain_support_packages/arm/gnu_tools_for_arm_embedded_processors/5.4.1/bin/../lib/gcc/arm-none-eabi/5.4.1/../../../../arm-none-eabi/lib/armv7e-m/fpu\libstdc++_nano.a
LOAD d:/rt-threadstudio/repo/extract/toolchain_support_packages/arm/gnu_tools_for_arm_embedded_processors/5.4.1/bin/../lib/gcc/arm-none-eabi/5.4.1/../../../../arm-none-eabi/lib/armv7e-m/fpu\libm.a
LOAD d:/rt-threadstudio/repo/extract/toolchain_support_packages/arm/gnu_tools_for_arm_embedded_processors/5.4.1/bin/../lib/gcc/arm-none-eabi/5.4.1/../../../../arm-none-eabi/lib/armv7e-m/fpu\libc_nano.a
START GROUP
LOAD d:/rt-threadstudio/repo/extract/toolchain_support_packages/arm/gnu_tools_for_arm_embedded_processors/5.4.1/bin/../lib/gcc/arm-none-eabi/5.4.1/armv7e-m/fpu\libgcc.a
LOAD d:/rt-threadstudio/repo/extract/toolchain_support_packages/arm/gnu_tools_for_arm_embedded_processors/5.4.1/bin/../lib/gcc/arm-none-eabi/5.4.1/../../../../arm-none-eabi/lib/armv7e-m/fpu\libg_nano.a
LOAD d:/rt-threadstudio/repo/extract/toolchain_support_packages/arm/gnu_tools_for_arm_embedded_processors/5.4.1/bin/../lib/gcc/arm-none-eabi/5.4.1/../../../../arm-none-eabi/lib/armv7e-m/fpu\libc_nano.a
END GROUP
START GROUP
LOAD d:/rt-threadstudio/repo/extract/toolchain_support_packages/arm/gnu_tools_for_arm_embedded_processors/5.4.1/bin/../lib/gcc/arm-none-eabi/5.4.1/armv7e-m/fpu\libgcc.a
LOAD d:/rt-threadstudio/repo/extract/toolchain_support_packages/arm/gnu_tools_for_arm_embedded_processors/5.4.1/bin/../lib/gcc/arm-none-eabi/5.4.1/../../../../arm-none-eabi/lib/armv7e-m/fpu\libc_nano.a
END GROUP
LOAD d:/rt-threadstudio/repo/extract/toolchain_support_packages/arm/gnu_tools_for_arm_embedded_processors/5.4.1/bin/../lib/gcc/arm-none-eabi/5.4.1/armv7e-m/fpu/crtend.o
LOAD d:/rt-threadstudio/repo/extract/toolchain_support_packages/arm/gnu_tools_for_arm_embedded_processors/5.4.1/bin/../lib/gcc/arm-none-eabi/5.4.1/armv7e-m/fpu/crtn.o
                0x00000400                _system_stack_size = 0x400

.text           0x08000000    0x20538
                0x08000000                . = ALIGN (0x4)
                0x08000000                _stext = .
 *(.isr_vector)
 .isr_vector    0x08000000      0x188 ./libraries/CMSIS/Device/ST/STM32F4xx/Source/Templates/gcc/startup_stm32f407xx.o
                0x08000000                g_pfnVectors
                0x08000188                . = ALIGN (0x4)
 *(.text)
 .text          0x08000188       0x5c d:/rt-threadstudio/repo/extract/toolchain_support_packages/arm/gnu_tools_for_arm_embedded_processors/5.4.1/bin/../lib/gcc/arm-none-eabi/5.4.1/armv7e-m/fpu/crtbegin.o
 .text          0x080001e4      0x13c ./rt-thread/libcpu/arm/cortex-m4/context_gcc.o
                0x080001e4                rt_hw_interrupt_disable
                0x080001ec                rt_hw_interrupt_enable
                0x080001f2                rt_hw_context_switch_interrupt
                0x080001f2                rt_hw_context_switch
                0x08000212                PendSV_Handler
                0x0800027e                rt_hw_context_switch_to
                0x080002c4                rt_hw_interrupt_thread_switch
                0x080002c8                HardFault_Handler
 .text          0x08000320       0x14 d:/rt-threadstudio/repo/extract/toolchain_support_packages/arm/gnu_tools_for_arm_embedded_processors/5.4.1/bin/../lib/gcc/arm-none-eabi/5.4.1/../../../../arm-none-eabi/lib/armv7e-m/fpu\libc_nano.a(lib_a-strcmp.o)
                0x08000320                strcmp
 .text          0x08000334       0x10 d:/rt-threadstudio/repo/extract/toolchain_support_packages/arm/gnu_tools_for_arm_embedded_processors/5.4.1/bin/../lib/gcc/arm-none-eabi/5.4.1/../../../../arm-none-eabi/lib/armv7e-m/fpu\libc_nano.a(lib_a-strlen.o)
                0x08000334                strlen
 *fill*         0x08000344        0xc 00000000
 .text          0x08000350       0xa0 d:/rt-threadstudio/repo/extract/toolchain_support_packages/arm/gnu_tools_for_arm_embedded_processors/5.4.1/bin/../lib/gcc/arm-none-eabi/5.4.1/../../../../arm-none-eabi/lib/armv7e-m/fpu\libc_nano.a(lib_a-memchr.o)
                0x08000350                memchr
 .text          0x080003f0      0x370 d:/rt-threadstudio/repo/extract/toolchain_support_packages/arm/gnu_tools_for_arm_embedded_processors/5.4.1/bin/../lib/gcc/arm-none-eabi/5.4.1/armv7e-m/fpu\libgcc.a(_arm_addsubdf3.o)
                0x080003f0                __aeabi_drsub
                0x080003f8                __aeabi_dsub
                0x080003f8                __subdf3
                0x080003fc                __aeabi_dadd
                0x080003fc                __adddf3
                0x08000674                __floatunsidf
                0x08000674                __aeabi_ui2d
                0x08000694                __floatsidf
                0x08000694                __aeabi_i2d
                0x080006b8                __aeabi_f2d
                0x080006b8                __extendsfdf2
                0x080006f4                __floatundidf
                0x080006f4                __aeabi_ul2d
                0x08000704                __floatdidf
                0x08000704                __aeabi_l2d
 .text          0x08000760      0x424 d:/rt-threadstudio/repo/extract/toolchain_support_packages/arm/gnu_tools_for_arm_embedded_processors/5.4.1/bin/../lib/gcc/arm-none-eabi/5.4.1/armv7e-m/fpu\libgcc.a(_arm_muldivdf3.o)
                0x08000760                __aeabi_dmul
                0x08000760                __muldf3
                0x080009b4                __divdf3
                0x080009b4                __aeabi_ddiv
 .text          0x08000b84       0x50 d:/rt-threadstudio/repo/extract/toolchain_support_packages/arm/gnu_tools_for_arm_embedded_processors/5.4.1/bin/../lib/gcc/arm-none-eabi/5.4.1/armv7e-m/fpu\libgcc.a(_arm_fixdfsi.o)
                0x08000b84                __aeabi_d2iz
                0x08000b84                __fixdfsi
 .text          0x08000bd4       0x30 d:/rt-threadstudio/repo/extract/toolchain_support_packages/arm/gnu_tools_for_arm_embedded_processors/5.4.1/bin/../lib/gcc/arm-none-eabi/5.4.1/armv7e-m/fpu\libgcc.a(_aeabi_uldivmod.o)
                0x08000bd4                __aeabi_uldivmod
 .text          0x08000c04      0x2e4 d:/rt-threadstudio/repo/extract/toolchain_support_packages/arm/gnu_tools_for_arm_embedded_processors/5.4.1/bin/../lib/gcc/arm-none-eabi/5.4.1/armv7e-m/fpu\libgcc.a(_udivmoddi4.o)
                0x08000c04                __udivmoddi4
 .text          0x08000ee8      0x9dc d:/rt-threadstudio/repo/extract/toolchain_support_packages/arm/gnu_tools_for_arm_embedded_processors/5.4.1/bin/../lib/gcc/arm-none-eabi/5.4.1/armv7e-m/fpu\libgcc.a(unwind-arm.o)
                0x080011a4                _Unwind_GetCFA
                0x080011a8                __gnu_Unwind_RaiseException
                0x08001208                __gnu_Unwind_ForcedUnwind
                0x0800121c                __gnu_Unwind_Resume
                0x08001260                __gnu_Unwind_Resume_or_Rethrow
                0x08001270                _Unwind_Complete
                0x08001274                _Unwind_DeleteException
                0x08001280                _Unwind_VRS_Get
                0x080012cc                _Unwind_VRS_Set
                0x0800131c                __gnu_Unwind_Backtrace
                0x08001668                __aeabi_unwind_cpp_pr0
                0x0800166c                __aeabi_unwind_cpp_pr1
                0x08001670                __aeabi_unwind_cpp_pr2
                0x08001674                _Unwind_VRS_Pop
 .text          0x080018c4      0x1ac d:/rt-threadstudio/repo/extract/toolchain_support_packages/arm/gnu_tools_for_arm_embedded_processors/5.4.1/bin/../lib/gcc/arm-none-eabi/5.4.1/armv7e-m/fpu\libgcc.a(libunwind.o)
                0x080018c4                __restore_core_regs
                0x080018c4                restore_core_regs
                0x080018dc                __gnu_Unwind_Restore_VFP
                0x080018e4                __gnu_Unwind_Save_VFP
                0x080018ec                __gnu_Unwind_Restore_VFP_D
                0x080018f4                __gnu_Unwind_Save_VFP_D
                0x080018fc                __gnu_Unwind_Restore_VFP_D_16_to_31
                0x08001904                __gnu_Unwind_Save_VFP_D_16_to_31
                0x0800190c                __gnu_Unwind_Restore_WMMXD
                0x08001950                __gnu_Unwind_Save_WMMXD
                0x08001994                __gnu_Unwind_Restore_WMMXC
                0x080019a8                __gnu_Unwind_Save_WMMXC
                0x080019bc                ___Unwind_RaiseException
                0x080019bc                _Unwind_RaiseException
                0x080019e0                _Unwind_Resume
                0x080019e0                ___Unwind_Resume
                0x08001a04                _Unwind_Resume_or_Rethrow
                0x08001a04                ___Unwind_Resume_or_Rethrow
                0x08001a28                _Unwind_ForcedUnwind
                0x08001a28                ___Unwind_ForcedUnwind
                0x08001a4c                ___Unwind_Backtrace
                0x08001a4c                _Unwind_Backtrace
 .text          0x08001a70      0x354 d:/rt-threadstudio/repo/extract/toolchain_support_packages/arm/gnu_tools_for_arm_embedded_processors/5.4.1/bin/../lib/gcc/arm-none-eabi/5.4.1/armv7e-m/fpu\libgcc.a(pr-support.o)
                0x08001ac8                __gnu_unwind_execute
                0x08001d6c                __gnu_unwind_frame
                0x08001d94                _Unwind_GetRegionStart
                0x08001da0                _Unwind_GetLanguageSpecificData
                0x08001db4                _Unwind_GetTextRelBase
                0x08001dbc                _Unwind_GetDataRelBase
 .text          0x08001dc4        0x4 d:/rt-threadstudio/repo/extract/toolchain_support_packages/arm/gnu_tools_for_arm_embedded_processors/5.4.1/bin/../lib/gcc/arm-none-eabi/5.4.1/armv7e-m/fpu\libgcc.a(_dvmd_tls.o)
                0x08001dc4                __aeabi_idiv0
                0x08001dc4                __aeabi_ldiv0
 *(.text.*)
 .text.rt_tick_get
                0x08001dc8       0x18 ./rt-thread/src/clock.o
                0x08001dc8                rt_tick_get
 .text.rt_tick_increase
                0x08001de0       0x7c ./rt-thread/src/clock.o
                0x08001de0                rt_tick_increase
 .text.rt_tick_from_millisecond
                0x08001e5c       0x78 ./rt-thread/src/clock.o
                0x08001e5c                rt_tick_from_millisecond
 .text.rti_start
                0x08001ed4       0x10 ./rt-thread/src/components.o
 .text.rti_board_start
                0x08001ee4       0x10 ./rt-thread/src/components.o
 .text.rti_board_end
                0x08001ef4       0x10 ./rt-thread/src/components.o
 .text.rti_end  0x08001f04       0x10 ./rt-thread/src/components.o
 .text.rt_components_board_init
                0x08001f14       0x30 ./rt-thread/src/components.o
                0x08001f14                rt_components_board_init
 .text.rt_components_init
                0x08001f44       0x30 ./rt-thread/src/components.o
                0x08001f44                rt_components_init
 .text.entry    0x08001f74       0x10 ./rt-thread/src/components.o
                0x08001f74                entry
 .text.main_thread_entry
                0x08001f84       0x18 ./rt-thread/src/components.o
                0x08001f84                main_thread_entry
 .text.rt_application_init
                0x08001f9c       0x4c ./rt-thread/src/components.o
                0x08001f9c                rt_application_init
 .text.rtthread_startup
                0x08001fe8       0x30 ./rt-thread/src/components.o
                0x08001fe8                rtthread_startup
 .text.rt_device_register
                0x08002018       0x54 ./rt-thread/src/device.o
                0x08002018                rt_device_register
 .text.rt_device_find
                0x0800206c       0x1c ./rt-thread/src/device.o
                0x0800206c                rt_device_find
 .text.rt_device_open
                0x08002088      0x108 ./rt-thread/src/device.o
                0x08002088                rt_device_open
 .text.rt_device_close
                0x08002190       0x9c ./rt-thread/src/device.o
                0x08002190                rt_device_close
 .text.rt_device_read
                0x0800222c       0x88 ./rt-thread/src/device.o
                0x0800222c                rt_device_read
 .text.rt_device_write
                0x080022b4       0x88 ./rt-thread/src/device.o
                0x080022b4                rt_device_write
 .text.rt_device_control
                0x0800233c       0x68 ./rt-thread/src/device.o
                0x0800233c                rt_device_control
 .text.rt_device_set_rx_indicate
                0x080023a4       0x54 ./rt-thread/src/device.o
                0x080023a4                rt_device_set_rx_indicate
 .text.rt_list_insert_after
                0x080023f8       0x34 ./rt-thread/src/idle.o
 .text.rt_list_remove
                0x0800242c       0x38 ./rt-thread/src/idle.o
 .text.rt_thread_defunct_enqueue
                0x08002464       0x20 ./rt-thread/src/idle.o
                0x08002464                rt_thread_defunct_enqueue
 .text.rt_thread_defunct_dequeue
                0x08002484       0x44 ./rt-thread/src/idle.o
                0x08002484                rt_thread_defunct_dequeue
 .text.rt_defunct_execute
                0x080024c8       0x54 ./rt-thread/src/idle.o
 .text.rt_thread_idle_entry
                0x0800251c       0x38 ./rt-thread/src/idle.o
 .text.rt_thread_idle_init
                0x08002554       0x74 ./rt-thread/src/idle.o
                0x08002554                rt_thread_idle_init
 .text.rt_list_init
                0x080025c8       0x24 ./rt-thread/src/ipc.o
 .text.rt_list_insert_before
                0x080025ec       0x34 ./rt-thread/src/ipc.o
 .text.rt_list_isempty
                0x08002620       0x24 ./rt-thread/src/ipc.o
 .text._ipc_object_init
                0x08002644       0x1c ./rt-thread/src/ipc.o
 .text._ipc_list_suspend
                0x08002660       0xa4 ./rt-thread/src/ipc.o
 .text._ipc_list_resume
                0x08002704       0x20 ./rt-thread/src/ipc.o
 .text._ipc_list_resume_all
                0x08002724       0x48 ./rt-thread/src/ipc.o
 .text.rt_sem_init
                0x0800276c       0x88 ./rt-thread/src/ipc.o
                0x0800276c                rt_sem_init
 .text.rt_sem_detach
                0x080027f4       0x7c ./rt-thread/src/ipc.o
                0x080027f4                rt_sem_detach
 .text.rt_sem_create
                0x08002870       0xac ./rt-thread/src/ipc.o
                0x08002870                rt_sem_create
 .text.rt_sem_delete
                0x0800291c       0xac ./rt-thread/src/ipc.o
                0x0800291c                rt_sem_delete
 .text.rt_sem_take
                0x080029c8      0x190 ./rt-thread/src/ipc.o
                0x080029c8                rt_sem_take
 .text.rt_sem_trytake
                0x08002b58       0x1c ./rt-thread/src/ipc.o
                0x08002b58                rt_sem_trytake
 .text.rt_sem_release
                0x08002b74       0xbc ./rt-thread/src/ipc.o
                0x08002b74                rt_sem_release
 .text.rt_sem_control
                0x08002c30       0x84 ./rt-thread/src/ipc.o
                0x08002c30                rt_sem_control
 .text.rt_mutex_init
                0x08002cb4       0x64 ./rt-thread/src/ipc.o
                0x08002cb4                rt_mutex_init
 .text.rt_mutex_create
                0x08002d18       0x88 ./rt-thread/src/ipc.o
                0x08002d18                rt_mutex_create
 .text.rt_mutex_delete
                0x08002da0       0xac ./rt-thread/src/ipc.o
                0x08002da0                rt_mutex_delete
 .text.rt_mutex_take
                0x08002e4c      0x21c ./rt-thread/src/ipc.o
                0x08002e4c                rt_mutex_take
 .text.rt_mutex_release
                0x08003068      0x1bc ./rt-thread/src/ipc.o
                0x08003068                rt_mutex_release
 .text.rt_event_create
                0x08003224       0x90 ./rt-thread/src/ipc.o
                0x08003224                rt_event_create
 .text.rt_event_send
                0x080032b4      0x158 ./rt-thread/src/ipc.o
                0x080032b4                rt_event_send
 .text.rt_event_recv
                0x0800340c      0x24c ./rt-thread/src/ipc.o
                0x0800340c                rt_event_recv
 .text.rt_interrupt_enter
                0x08003658       0x40 ./rt-thread/src/irq.o
                0x08003658                rt_interrupt_enter
 .text.rt_interrupt_leave
                0x08003698       0x40 ./rt-thread/src/irq.o
                0x08003698                rt_interrupt_leave
 .text.rt_interrupt_get_nest
                0x080036d8       0x28 ./rt-thread/src/irq.o
                0x080036d8                rt_interrupt_get_nest
 .text.rt_set_errno
                0x08003700       0x40 ./rt-thread/src/kservice.o
                0x08003700                rt_set_errno
 .text._rt_errno
                0x08003740       0x34 ./rt-thread/src/kservice.o
                0x08003740                _rt_errno
 .text.rt_memset
                0x08003774       0xb8 ./rt-thread/src/kservice.o
                0x08003774                rt_memset
 .text.rt_memcpy
                0x0800382c       0xd4 ./rt-thread/src/kservice.o
                0x0800382c                rt_memcpy
 .text.rt_memmove
                0x08003900       0x84 ./rt-thread/src/kservice.o
                0x08003900                rt_memmove
 .text.rt_memcmp
                0x08003984       0x58 ./rt-thread/src/kservice.o
                0x08003984                rt_memcmp
 .text.rt_strstr
                0x080039dc       0x60 ./rt-thread/src/kservice.o
                0x080039dc                rt_strstr
 .text.rt_strncpy
                0x08003a3c       0x64 ./rt-thread/src/kservice.o
                0x08003a3c                rt_strncpy
 .text.rt_strncmp
                0x08003aa0       0x4c ./rt-thread/src/kservice.o
                0x08003aa0                rt_strncmp
 .text.rt_strcmp
                0x08003aec       0x44 ./rt-thread/src/kservice.o
                0x08003aec                rt_strcmp
 .text.rt_strlen
                0x08003b30       0x30 ./rt-thread/src/kservice.o
                0x08003b30                rt_strlen
 .text.rt_show_version
                0x08003b60       0x4c ./rt-thread/src/kservice.o
                0x08003b60                rt_show_version
 .text.divide   0x08003bac       0x68 ./rt-thread/src/kservice.o
 .text.skip_atoi
                0x08003c14       0x40 ./rt-thread/src/kservice.o
 .text.print_number
                0x08003c54      0x1dc ./rt-thread/src/kservice.o
 .text.rt_vsnprintf
                0x08003e30      0x560 ./rt-thread/src/kservice.o
                0x08003e30                rt_vsnprintf
 .text.rt_snprintf
                0x08004390       0x30 ./rt-thread/src/kservice.o
                0x08004390                rt_snprintf
 .text.rt_vsprintf
                0x080043c0       0x24 ./rt-thread/src/kservice.o
                0x080043c0                rt_vsprintf
 .text.rt_sprintf
                0x080043e4       0x2c ./rt-thread/src/kservice.o
                0x080043e4                rt_sprintf
 .text.rt_console_get_device
                0x08004410       0x18 ./rt-thread/src/kservice.o
                0x08004410                rt_console_get_device
 .text.rt_console_set_device
                0x08004428       0x58 ./rt-thread/src/kservice.o
                0x08004428                rt_console_set_device
 .text.rt_hw_console_output
                0x08004480       0x14 ./rt-thread/src/kservice.o
                0x08004480                rt_hw_console_output
 .text.rt_kprintf
                0x08004494       0x60 ./rt-thread/src/kservice.o
                0x08004494                rt_kprintf
 .text._heap_lock_init
                0x080044f4       0x1c ./rt-thread/src/kservice.o
 .text._heap_lock
                0x08004510       0x28 ./rt-thread/src/kservice.o
 .text._heap_unlock
                0x08004538       0x40 ./rt-thread/src/kservice.o
 .text._smem_info
                0x08004578       0x4c ./rt-thread/src/kservice.o
 .text.rt_system_heap_init
                0x080045c4       0x64 ./rt-thread/src/kservice.o
                0x080045c4                rt_system_heap_init
 .text.rt_malloc
                0x08004628       0x48 ./rt-thread/src/kservice.o
                0x08004628                rt_malloc
 .text.rt_realloc
                0x08004670       0x34 ./rt-thread/src/kservice.o
                0x08004670                rt_realloc
 .text.rt_calloc
                0x080046a4       0x3c ./rt-thread/src/kservice.o
                0x080046a4                rt_calloc
 .text.rt_free  0x080046e0       0x38 ./rt-thread/src/kservice.o
                0x080046e0                rt_free
 .text.rt_memory_info
                0x08004718       0x2c ./rt-thread/src/kservice.o
                0x08004718                rt_memory_info
 .text.rt_assert_handler
                0x08004744       0x4c ./rt-thread/src/kservice.o
                0x08004744                rt_assert_handler
 .text.plug_holes
                0x08004790       0xf4 ./rt-thread/src/mem.o
 .text.rt_smem_init
                0x08004884      0x104 ./rt-thread/src/mem.o
                0x08004884                rt_smem_init
 .text.rt_smem_alloc
                0x08004988      0x26c ./rt-thread/src/mem.o
                0x08004988                rt_smem_alloc
 .text.rt_smem_realloc
                0x08004bf4      0x1d4 ./rt-thread/src/mem.o
                0x08004bf4                rt_smem_realloc
 .text.rt_smem_free
                0x08004dc8      0x140 ./rt-thread/src/mem.o
                0x08004dc8                rt_smem_free
 .text.rt_list_insert_after
                0x08004f08       0x34 ./rt-thread/src/object.o
 .text.rt_list_remove
                0x08004f3c       0x38 ./rt-thread/src/object.o
 .text.rt_object_get_information
                0x08004f74       0x48 ./rt-thread/src/object.o
                0x08004f74                rt_object_get_information
 .text.rt_object_init
                0x08004fbc       0xcc ./rt-thread/src/object.o
                0x08004fbc                rt_object_init
 .text.rt_object_detach
                0x08005088       0x5c ./rt-thread/src/object.o
                0x08005088                rt_object_detach
 .text.rt_object_allocate
                0x080050e4       0xd8 ./rt-thread/src/object.o
                0x080050e4                rt_object_allocate
 .text.rt_object_delete
                0x080051bc       0x7c ./rt-thread/src/object.o
                0x080051bc                rt_object_delete
 .text.rt_object_is_systemobject
                0x08005238       0x3c ./rt-thread/src/object.o
                0x08005238                rt_object_is_systemobject
 .text.rt_object_get_type
                0x08005274       0x34 ./rt-thread/src/object.o
                0x08005274                rt_object_get_type
 .text.rt_object_find
                0x080052a8       0xb4 ./rt-thread/src/object.o
                0x080052a8                rt_object_find
 .text.rt_list_init
                0x0800535c       0x24 ./rt-thread/src/scheduler.o
 .text.rt_list_insert_before
                0x08005380       0x34 ./rt-thread/src/scheduler.o
 .text.rt_list_remove
                0x080053b4       0x38 ./rt-thread/src/scheduler.o
 .text.rt_list_isempty
                0x080053ec       0x24 ./rt-thread/src/scheduler.o
 .text._rt_scheduler_stack_check
                0x08005410       0x94 ./rt-thread/src/scheduler.o
 .text._scheduler_get_highest_priority_thread
                0x080054a4       0x38 ./rt-thread/src/scheduler.o
 .text.rt_system_scheduler_init
                0x080054dc       0x38 ./rt-thread/src/scheduler.o
                0x080054dc                rt_system_scheduler_init
 .text.rt_system_scheduler_start
                0x08005514       0x38 ./rt-thread/src/scheduler.o
                0x08005514                rt_system_scheduler_start
 .text.rt_schedule
                0x0800554c      0x19c ./rt-thread/src/scheduler.o
                0x0800554c                rt_schedule
 .text.rt_schedule_insert_thread
                0x080056e8       0xac ./rt-thread/src/scheduler.o
                0x080056e8                rt_schedule_insert_thread
 .text.rt_schedule_remove_thread
                0x08005794       0x70 ./rt-thread/src/scheduler.o
                0x08005794                rt_schedule_remove_thread
 .text.rt_enter_critical
                0x08005804       0x2c ./rt-thread/src/scheduler.o
                0x08005804                rt_enter_critical
 .text.rt_exit_critical
                0x08005830       0x54 ./rt-thread/src/scheduler.o
                0x08005830                rt_exit_critical
 .text.rt_critical_level
                0x08005884       0x1c ./rt-thread/src/scheduler.o
                0x08005884                rt_critical_level
 .text.rt_list_init
                0x080058a0       0x24 ./rt-thread/src/thread.o
 .text.rt_list_remove
                0x080058c4       0x38 ./rt-thread/src/thread.o
 .text._thread_exit
                0x080058fc       0x44 ./rt-thread/src/thread.o
 .text._thread_timeout
                0x08005940       0x8c ./rt-thread/src/thread.o
 .text._thread_init
                0x080059cc       0xfc ./rt-thread/src/thread.o
 .text.rt_thread_init
                0x08005ac8       0x70 ./rt-thread/src/thread.o
                0x08005ac8                rt_thread_init
 .text.rt_thread_self
                0x08005b38       0x18 ./rt-thread/src/thread.o
                0x08005b38                rt_thread_self
 .text.rt_thread_startup
                0x08005b50       0x94 ./rt-thread/src/thread.o
                0x08005b50                rt_thread_startup
 .text.rt_thread_detach
                0x08005be4       0xb0 ./rt-thread/src/thread.o
                0x08005be4                rt_thread_detach
 .text.rt_thread_create
                0x08005c94       0x64 ./rt-thread/src/thread.o
                0x08005c94                rt_thread_create
 .text.rt_thread_delete
                0x08005cf8       0xb0 ./rt-thread/src/thread.o
                0x08005cf8                rt_thread_delete
 .text.rt_thread_sleep
                0x08005da8       0x94 ./rt-thread/src/thread.o
                0x08005da8                rt_thread_sleep
 .text.rt_thread_delay
                0x08005e3c       0x18 ./rt-thread/src/thread.o
                0x08005e3c                rt_thread_delay
 .text.rt_thread_mdelay
                0x08005e54       0x20 ./rt-thread/src/thread.o
                0x08005e54                rt_thread_mdelay
 .text.rt_thread_control
                0x08005e74       0xf0 ./rt-thread/src/thread.o
                0x08005e74                rt_thread_control
 .text.rt_thread_suspend
                0x08005f64       0xc8 ./rt-thread/src/thread.o
                0x08005f64                rt_thread_suspend
 .text.rt_thread_resume
                0x0800602c       0x98 ./rt-thread/src/thread.o
                0x0800602c                rt_thread_resume
 .text.rt_list_init
                0x080060c4       0x24 ./rt-thread/src/timer.o
 .text.rt_list_insert_after
                0x080060e8       0x34 ./rt-thread/src/timer.o
 .text.rt_list_remove
                0x0800611c       0x38 ./rt-thread/src/timer.o
 .text.rt_list_isempty
                0x08006154       0x24 ./rt-thread/src/timer.o
 .text._timer_init
                0x08006178       0x68 ./rt-thread/src/timer.o
 .text._timer_list_next_timeout
                0x080061e0       0x48 ./rt-thread/src/timer.o
 .text._timer_remove
                0x08006228       0x34 ./rt-thread/src/timer.o
 .text.rt_timer_init
                0x0800625c       0x80 ./rt-thread/src/timer.o
                0x0800625c                rt_timer_init
 .text.rt_timer_detach
                0x080062dc       0x90 ./rt-thread/src/timer.o
                0x080062dc                rt_timer_detach
 .text.rt_timer_start
                0x0800636c      0x228 ./rt-thread/src/timer.o
                0x0800636c                rt_timer_start
 .text.rt_timer_stop
                0x08006594       0x94 ./rt-thread/src/timer.o
                0x08006594                rt_timer_stop
 .text.rt_timer_control
                0x08006628       0xf8 ./rt-thread/src/timer.o
                0x08006628                rt_timer_control
 .text.rt_timer_check
                0x08006720      0x108 ./rt-thread/src/timer.o
                0x08006720                rt_timer_check
 .text.rt_soft_timer_check
                0x08006828      0x120 ./rt-thread/src/timer.o
                0x08006828                rt_soft_timer_check
 .text._timer_thread_entry
                0x08006948       0x5c ./rt-thread/src/timer.o
 .text.rt_system_timer_init
                0x080069a4       0x34 ./rt-thread/src/timer.o
                0x080069a4                rt_system_timer_init
 .text.rt_system_timer_thread_init
                0x080069d8       0x68 ./rt-thread/src/timer.o
                0x080069d8                rt_system_timer_thread_init
 .text.rt_hw_stack_init
                0x08006a40       0x90 ./rt-thread/libcpu/arm/cortex-m4/cpuport.o
                0x08006a40                rt_hw_stack_init
 .text.usage_fault_track
                0x08006ad0       0xc4 ./rt-thread/libcpu/arm/cortex-m4/cpuport.o
 .text.bus_fault_track
                0x08006b94       0xcc ./rt-thread/libcpu/arm/cortex-m4/cpuport.o
 .text.mem_manage_fault_track
                0x08006c60       0xb4 ./rt-thread/libcpu/arm/cortex-m4/cpuport.o
 .text.hard_fault_track
                0x08006d14       0x78 ./rt-thread/libcpu/arm/cortex-m4/cpuport.o
 .text.rt_hw_hard_fault_exception
                0x08006d8c      0x184 ./rt-thread/libcpu/arm/cortex-m4/cpuport.o
                0x08006d8c                rt_hw_hard_fault_exception
 .text.__rt_ffs
                0x08006f10       0x2c ./rt-thread/libcpu/arm/cortex-m4/cpuport.o
                0x08006f10                __rt_ffs
 .text.sal_init
                0x08006f3c       0xac ./rt-thread/components/net/sal/src/sal_socket.o
                0x08006f3c                sal_init
 .text.check_netdev_internet_up_work
                0x08006fe8      0x2c4 ./rt-thread/components/net/sal/src/sal_socket.o
 .text.sal_check_netdev_internet_up
                0x080072ac       0x84 ./rt-thread/components/net/sal/src/sal_socket.o
                0x080072ac                sal_check_netdev_internet_up
 .text.sal_get_socket
                0x08007330       0x64 ./rt-thread/components/net/sal/src/sal_socket.o
                0x08007330                sal_get_socket
 .text.sal_lock
                0x08007394       0x38 ./rt-thread/components/net/sal/src/sal_socket.o
 .text.sal_unlock
                0x080073cc       0x14 ./rt-thread/components/net/sal/src/sal_socket.o
 .text.socket_init
                0x080073e0       0xec ./rt-thread/components/net/sal/src/sal_socket.o
 .text.socket_alloc
                0x080074cc       0xf8 ./rt-thread/components/net/sal/src/sal_socket.o
 .text.socket_free
                0x080075c4       0x34 ./rt-thread/components/net/sal/src/sal_socket.o
 .text.socket_new
                0x080075f8       0x68 ./rt-thread/components/net/sal/src/sal_socket.o
 .text.socket_delete
                0x08007660       0x70 ./rt-thread/components/net/sal/src/sal_socket.o
 .text.sal_setsockopt
                0x080076d0       0x5c ./rt-thread/components/net/sal/src/sal_socket.o
                0x080076d0                sal_setsockopt
 .text.sal_connect
                0x0800772c       0x6c ./rt-thread/components/net/sal/src/sal_socket.o
                0x0800772c                sal_connect
 .text.sal_recvfrom
                0x08007798       0x74 ./rt-thread/components/net/sal/src/sal_socket.o
                0x08007798                sal_recvfrom
 .text.sal_sendto
                0x0800780c       0x74 ./rt-thread/components/net/sal/src/sal_socket.o
                0x0800780c                sal_sendto
 .text.sal_socket
                0x08007880       0xc8 ./rt-thread/components/net/sal/src/sal_socket.o
                0x08007880                sal_socket
 .text.sal_closesocket
                0x08007948       0x68 ./rt-thread/components/net/sal/src/sal_socket.o
                0x08007948                sal_closesocket
 .text.sal_gethostbyname
                0x080079b0       0x90 ./rt-thread/components/net/sal/src/sal_socket.o
                0x080079b0                sal_gethostbyname
 .text.gethostbyname
                0x08007a40       0x18 ./rt-thread/components/net/sal/socket/net_netdb.o
                0x08007a40                gethostbyname
 .text.sal_at_netdev_set_pf_info
                0x08007a58       0x34 ./rt-thread/components/net/sal/impl/af_inet_at.o
                0x08007a58                sal_at_netdev_set_pf_info
 .text.rt_slist_init
                0x08007a8c       0x1c ./rt-thread/components/net/netdev/src/netdev.o
 .text.rt_slist_append
                0x08007aa8       0x38 ./rt-thread/components/net/netdev/src/netdev.o
 .text.rt_slist_next
                0x08007ae0       0x18 ./rt-thread/components/net/netdev/src/netdev.o
 .text.netdev_register
                0x08007af8      0x140 ./rt-thread/components/net/netdev/src/netdev.o
                0x08007af8                netdev_register
 .text.netdev_get_first_by_flags
                0x08007c38       0x70 ./rt-thread/components/net/netdev/src/netdev.o
                0x08007c38                netdev_get_first_by_flags
 .text.netdev_get_by_name
                0x08007ca8       0x94 ./rt-thread/components/net/netdev/src/netdev.o
                0x08007ca8                netdev_get_by_name
 .text.netdev_get_by_family
                0x08007d3c       0xd8 ./rt-thread/components/net/netdev/src/netdev.o
                0x08007d3c                netdev_get_by_family
 .text.netdev_family_get
                0x08007e14       0x30 ./rt-thread/components/net/netdev/src/netdev.o
                0x08007e14                netdev_family_get
 .text.netdev_set_default
                0x08007e44       0x34 ./rt-thread/components/net/netdev/src/netdev.o
                0x08007e44                netdev_set_default
 .text.netdev_set_ipaddr
                0x08007e78       0xc0 ./rt-thread/components/net/netdev/src/netdev.o
                0x08007e78                netdev_set_ipaddr
 .text.netdev_set_netmask
                0x08007f38       0xc0 ./rt-thread/components/net/netdev/src/netdev.o
                0x08007f38                netdev_set_netmask
 .text.netdev_set_gw
                0x08007ff8       0xc0 ./rt-thread/components/net/netdev/src/netdev.o
                0x08007ff8                netdev_set_gw
 .text.netdev_set_dns_server
                0x080080b8       0xbc ./rt-thread/components/net/netdev/src/netdev.o
                0x080080b8                netdev_set_dns_server
 .text.netdev_low_level_set_ipaddr
                0x08008174       0x78 ./rt-thread/components/net/netdev/src/netdev.o
                0x08008174                netdev_low_level_set_ipaddr
 .text.netdev_low_level_set_netmask
                0x080081ec       0x88 ./rt-thread/components/net/netdev/src/netdev.o
                0x080081ec                netdev_low_level_set_netmask
 .text.netdev_low_level_set_gw
                0x08008274       0x88 ./rt-thread/components/net/netdev/src/netdev.o
                0x08008274                netdev_low_level_set_gw
 .text.netdev_low_level_set_dns_server
                0x080082fc       0x88 ./rt-thread/components/net/netdev/src/netdev.o
                0x080082fc                netdev_low_level_set_dns_server
 .text.netdev_auto_change_default
                0x08008384       0x40 ./rt-thread/components/net/netdev/src/netdev.o
 .text.netdev_low_level_set_status
                0x080083c4       0x70 ./rt-thread/components/net/netdev/src/netdev.o
                0x080083c4                netdev_low_level_set_status
 .text.netdev_low_level_set_link_status
                0x08008434       0xa8 ./rt-thread/components/net/netdev/src/netdev.o
                0x08008434                netdev_low_level_set_link_status
 .text.netdev_low_level_set_internet_status
                0x080084dc       0x74 ./rt-thread/components/net/netdev/src/netdev.o
                0x080084dc                netdev_low_level_set_internet_status
 .text.netdev_low_level_set_dhcp_status
                0x08008550       0x74 ./rt-thread/components/net/netdev/src/netdev.o
                0x08008550                netdev_low_level_set_dhcp_status
 .text.netdev_list_if
                0x080085c4      0x2b4 ./rt-thread/components/net/netdev/src/netdev.o
 .text.netdev_set_if
                0x08008878       0xa0 ./rt-thread/components/net/netdev/src/netdev.o
 .text.netdev_ifconfig
                0x08008918       0x98 ./rt-thread/components/net/netdev/src/netdev.o
                0x08008918                netdev_ifconfig
 .text.netdev_cmd_ping
                0x080089b0      0x248 ./rt-thread/components/net/netdev/src/netdev.o
                0x080089b0                netdev_cmd_ping
 .text.netdev_ping
                0x08008bf8       0x58 ./rt-thread/components/net/netdev/src/netdev.o
                0x08008bf8                netdev_ping
 .text.netdev_list_dns
                0x08008c50       0xb0 ./rt-thread/components/net/netdev/src/netdev.o
 .text.netdev_set_dns
                0x08008d00       0x64 ./rt-thread/components/net/netdev/src/netdev.o
 .text.netdev_dns
                0x08008d64       0x78 ./rt-thread/components/net/netdev/src/netdev.o
                0x08008d64                netdev_dns
 .text.netdev_cmd_netstat
                0x08008ddc       0x84 ./rt-thread/components/net/netdev/src/netdev.o
 .text.netdev_netstat
                0x08008e60       0x2c ./rt-thread/components/net/netdev/src/netdev.o
                0x08008e60                netdev_netstat
 .text.netdev_ip4addr_aton
                0x08008e8c      0x28c ./rt-thread/components/net/netdev/src/netdev_ipaddr.o
                0x08008e8c                netdev_ip4addr_aton
 .text.netdev_ip4addr_ntoa_r
                0x08009118      0x104 ./rt-thread/components/net/netdev/src/netdev_ipaddr.o
                0x08009118                netdev_ip4addr_ntoa_r
 .text.netdev_ip4addr_ntoa
                0x0800921c       0x20 ./rt-thread/components/net/netdev/src/netdev_ipaddr.o
                0x0800921c                netdev_ip4addr_ntoa
 .text.console_getchar
                0x0800923c       0x30 ./rt-thread/components/net/at/src/at_cli.o
 .text.console_getchar_rx_ind
                0x0800926c       0x5c ./rt-thread/components/net/at/src/at_cli.o
 .text.at_cli_init
                0x080092c8       0x80 ./rt-thread/components/net/at/src/at_cli.o
                0x080092c8                at_cli_init
 .text.at_cli_deinit
                0x08009348       0x58 ./rt-thread/components/net/at/src/at_cli.o
                0x08009348                at_cli_deinit
 .text.client_getchar
                0x080093a0       0x30 ./rt-thread/components/net/at/src/at_cli.o
 .text.at_client_entry
                0x080093d0       0x20 ./rt-thread/components/net/at/src/at_cli.o
 .text.client_getchar_rx_ind
                0x080093f0       0x5c ./rt-thread/components/net/at/src/at_cli.o
 .text.client_cli_parser
                0x0800944c      0x1d8 ./rt-thread/components/net/at/src/at_cli.o
 .text.at       0x08009624       0xc0 ./rt-thread/components/net/at/src/at_cli.o
 .text.at_create_resp
                0x080096e4       0x9c ./rt-thread/components/net/at/src/at_client.o
                0x080096e4                at_create_resp
 .text.at_delete_resp
                0x08009780       0x38 ./rt-thread/components/net/at/src/at_client.o
                0x08009780                at_delete_resp
 .text.at_resp_set_info
                0x080097b8       0x6c ./rt-thread/components/net/at/src/at_client.o
                0x080097b8                at_resp_set_info
 .text.at_resp_get_line
                0x08009824       0xa4 ./rt-thread/components/net/at/src/at_client.o
                0x08009824                at_resp_get_line
 .text.at_resp_get_line_by_kw
                0x080098c8       0x8c ./rt-thread/components/net/at/src/at_client.o
                0x080098c8                at_resp_get_line_by_kw
 .text.at_resp_parse_line_args
                0x08009954       0x78 ./rt-thread/components/net/at/src/at_client.o
                0x08009954                at_resp_parse_line_args
 .text.at_resp_parse_line_args_by_kw
                0x080099cc       0x7c ./rt-thread/components/net/at/src/at_client.o
                0x080099cc                at_resp_parse_line_args_by_kw
 .text.at_obj_exec_cmd
                0x08009a48      0x174 ./rt-thread/components/net/at/src/at_client.o
                0x08009a48                at_obj_exec_cmd
 .text.at_client_obj_wait_connect
                0x08009bbc      0x13c ./rt-thread/components/net/at/src/at_client.o
                0x08009bbc                at_client_obj_wait_connect
 .text.at_client_obj_send
                0x08009cf8       0x80 ./rt-thread/components/net/at/src/at_client.o
                0x08009cf8                at_client_obj_send
 .text.at_client_getchar
                0x08009d78       0x60 ./rt-thread/components/net/at/src/at_client.o
 .text.at_client_obj_recv
                0x08009dd8       0xc0 ./rt-thread/components/net/at/src/at_client.o
                0x08009dd8                at_client_obj_recv
 .text.at_obj_set_end_sign
                0x08009e98       0x40 ./rt-thread/components/net/at/src/at_client.o
                0x08009e98                at_obj_set_end_sign
 .text.at_obj_set_urc_table
                0x08009ed8      0x13c ./rt-thread/components/net/at/src/at_client.o
                0x08009ed8                at_obj_set_urc_table
 .text.at_client_get
                0x0800a014       0x70 ./rt-thread/components/net/at/src/at_client.o
                0x0800a014                at_client_get
 .text.at_client_get_first
                0x0800a084       0x20 ./rt-thread/components/net/at/src/at_client.o
                0x0800a084                at_client_get_first
 .text.get_urc_obj
                0x0800a0a4       0xf0 ./rt-thread/components/net/at/src/at_client.o
 .text.at_recv_readline
                0x0800a194       0xe8 ./rt-thread/components/net/at/src/at_client.o
 .text.client_parser
                0x0800a27c      0x1a4 ./rt-thread/components/net/at/src/at_client.o
 .text.at_client_rx_ind
                0x0800a420       0x60 ./rt-thread/components/net/at/src/at_client.o
 .text.at_client_para_init
                0x0800a480      0x22c ./rt-thread/components/net/at/src/at_client.o
 .text.at_client_init
                0x0800a6ac      0x1d4 ./rt-thread/components/net/at/src/at_client.o
                0x0800a6ac                at_client_init
 .text.at_get_last_cmd
                0x0800a880       0x28 ./rt-thread/components/net/at/src/at_utils.o
                0x0800a880                at_get_last_cmd
 .text.at_utils_send
                0x0800a8a8       0x24 ./rt-thread/components/net/at/src/at_utils.o
                0x0800a8a8                at_utils_send
 .text.at_vprintfln
                0x0800a8cc       0x6c ./rt-thread/components/net/at/src/at_utils.o
                0x0800a8cc                at_vprintfln
 .text.rt_slist_init
                0x0800a938       0x1c ./rt-thread/components/net/at/at_socket/at_socket.o
 .text.rt_slist_append
                0x0800a954       0x38 ./rt-thread/components/net/at/at_socket/at_socket.o
 .text.rt_slist_insert
                0x0800a98c       0x24 ./rt-thread/components/net/at/at_socket/at_socket.o
 .text.rt_slist_remove
                0x0800a9b0       0x48 ./rt-thread/components/net/at/at_socket/at_socket.o
 .text.rt_slist_first
                0x0800a9f8       0x18 ./rt-thread/components/net/at/at_socket/at_socket.o
 .text.rt_slist_next
                0x0800aa10       0x18 ./rt-thread/components/net/at/at_socket/at_socket.o
 .text.rt_slist_isempty
                0x0800aa28       0x24 ./rt-thread/components/net/at/at_socket/at_socket.o
 .text.at_get_socket
                0x0800aa4c       0x68 ./rt-thread/components/net/at/at_socket/at_socket.o
                0x0800aa4c                at_get_socket
 .text.at_recvpkt_put
                0x0800aab4       0x6c ./rt-thread/components/net/at/at_socket/at_socket.o
 .text.at_recvpkt_all_delete
                0x0800ab20       0x68 ./rt-thread/components/net/at/at_socket/at_socket.o
 .text.at_recvpkt_node_delete
                0x0800ab88       0x58 ./rt-thread/components/net/at/at_socket/at_socket.o
 .text.at_recvpkt_get
                0x0800abe0       0xe4 ./rt-thread/components/net/at/at_socket/at_socket.o
 .text.at_do_event_changes
                0x0800acc4       0xc4 ./rt-thread/components/net/at/at_socket/at_socket.o
 .text.at_do_event_clean
                0x0800ad88       0x5c ./rt-thread/components/net/at/at_socket/at_socket.o
 .text.alloc_empty_socket
                0x0800ade4       0x74 ./rt-thread/components/net/at/at_socket/at_socket.o
 .text.alloc_socket_by_device
                0x0800ae58      0x1f8 ./rt-thread/components/net/at/at_socket/at_socket.o
 .text.alloc_socket
                0x0800b050       0x84 ./rt-thread/components/net/at/at_socket/at_socket.o
 .text.at_socket
                0x0800b0d4       0xbc ./rt-thread/components/net/at/at_socket/at_socket.o
                0x0800b0d4                at_socket
 .text.free_socket
                0x0800b190       0xb8 ./rt-thread/components/net/at/at_socket/at_socket.o
 .text.at_closesocket
                0x0800b248       0x6c ./rt-thread/components/net/at/at_socket/at_socket.o
                0x0800b248                at_closesocket
 .text.at_shutdown
                0x0800b2b4       0x60 ./rt-thread/components/net/at/at_socket/at_socket.o
                0x0800b2b4                at_shutdown
 .text.socketaddr_to_ipaddr_port
                0x0800b314       0x34 ./rt-thread/components/net/at/at_socket/at_socket.o
 .text.at_bind  0x0800b348       0xb8 ./rt-thread/components/net/at/at_socket/at_socket.o
                0x0800b348                at_bind
 .text.ipaddr_to_ipstr
                0x0800b400       0x54 ./rt-thread/components/net/at/at_socket/at_socket.o
 .text.at_recv_notice_cb
                0x0800b454       0xb4 ./rt-thread/components/net/at/at_socket/at_socket.o
 .text.at_closed_notice_cb
                0x0800b508       0x64 ./rt-thread/components/net/at/at_socket/at_socket.o
 .text.at_connect
                0x0800b56c       0xf4 ./rt-thread/components/net/at/at_socket/at_socket.o
                0x0800b56c                at_connect
 .text.at_recvfrom
                0x0800b660      0x234 ./rt-thread/components/net/at/at_socket/at_socket.o
                0x0800b660                at_recvfrom
 .text.at_sendto
                0x0800b894      0x1b8 ./rt-thread/components/net/at/at_socket/at_socket.o
                0x0800b894                at_sendto
 .text.at_getsockopt
                0x0800ba4c      0x134 ./rt-thread/components/net/at/at_socket/at_socket.o
                0x0800ba4c                at_getsockopt
 .text.at_setsockopt
                0x0800bb80      0x10c ./rt-thread/components/net/at/at_socket/at_socket.o
                0x0800bb80                at_setsockopt
 .text.ipstr_atol
                0x0800bc8c       0x94 ./rt-thread/components/net/at/at_socket/at_socket.o
 .text.ipstr_to_u32
                0x0800bd20       0x5c ./rt-thread/components/net/at/at_socket/at_socket.o
 .text.at_gethostbyname
                0x0800bd7c      0x144 ./rt-thread/components/net/at/at_socket/at_socket.o
                0x0800bd7c                at_gethostbyname
 .text.at_getaddrinfo
                0x0800bec0      0x278 ./rt-thread/components/net/at/at_socket/at_socket.o
                0x0800bec0                at_getaddrinfo
 .text.at_freeaddrinfo
                0x0800c138       0x28 ./rt-thread/components/net/at/at_socket/at_socket.o
                0x0800c138                at_freeaddrinfo
 .text._ZdlPv   0x0800c160       0x18 ./rt-thread/components/libc/cplusplus/cxx_crt.o
                0x0800c160                operator delete(void*)
 .text.__cxa_pure_virtual
                0x0800c178       0x14 ./rt-thread/components/libc/cplusplus/cxx_crt.o
                0x0800c178                __cxa_pure_virtual
 .text.cplusplus_system_init
                0x0800c18c       0x34 ./rt-thread/components/libc/cplusplus/cxx_crt_init.o
                0x0800c18c                cplusplus_system_init
 .text._malloc_r
                0x0800c1c0       0x28 ./rt-thread/components/libc/compilers/newlib/syscalls.o
                0x0800c1c0                _malloc_r
 .text._realloc_r
                0x0800c1e8       0x2c ./rt-thread/components/libc/compilers/newlib/syscalls.o
                0x0800c1e8                _realloc_r
 .text._free_r  0x0800c214       0x18 ./rt-thread/components/libc/compilers/newlib/syscalls.o
                0x0800c214                _free_r
 .text.__errno  0x0800c22c       0x10 ./rt-thread/components/libc/compilers/newlib/syscalls.o
                0x0800c22c                __errno
 .text._getpid_r
                0x0800c23c       0x18 ./rt-thread/components/libc/compilers/newlib/syscalls.o
                0x0800c23c                _getpid_r
 .text._kill_r  0x0800c254       0x24 ./rt-thread/components/libc/compilers/newlib/syscalls.o
                0x0800c254                _kill_r
 .text._exit    0x0800c278       0x10 ./rt-thread/components/libc/compilers/newlib/syscalls.o
                0x0800c278                _exit
 .text.__rt_libc_exit
                0x0800c288       0x4c ./rt-thread/components/libc/compilers/common/stdlib.o
                0x0800c288                __rt_libc_exit
 .text.rt_list_isempty
                0x0800c2d4       0x24 ./rt-thread/components/finsh/cmd.o
 .text.rt_list_len
                0x0800c2f8       0x38 ./rt-thread/components/finsh/cmd.o
 .text.clear    0x0800c330       0x14 ./rt-thread/components/finsh/cmd.o
 .text.version  0x0800c344       0x10 ./rt-thread/components/finsh/cmd.o
                0x0800c344                version
 .text.object_split
                0x0800c354       0x28 ./rt-thread/components/finsh/cmd.o
 .text.list_find_init
                0x0800c37c       0x48 ./rt-thread/components/finsh/cmd.o
 .text.list_get_next
                0x0800c3c4       0xc8 ./rt-thread/components/finsh/cmd.o
 .text.list_thread
                0x0800c48c      0x208 ./rt-thread/components/finsh/cmd.o
                0x0800c48c                list_thread
 .text.show_wait_queue
                0x0800c694       0x50 ./rt-thread/components/finsh/cmd.o
 .text.list_sem
                0x0800c6e4      0x12c ./rt-thread/components/finsh/cmd.o
                0x0800c6e4                list_sem
 .text.list_event
                0x0800c810      0x118 ./rt-thread/components/finsh/cmd.o
                0x0800c810                list_event
 .text.list_mutex
                0x0800c928       0xe8 ./rt-thread/components/finsh/cmd.o
                0x0800c928                list_mutex
 .text.list_mailbox
                0x0800ca10      0x13c ./rt-thread/components/finsh/cmd.o
                0x0800ca10                list_mailbox
 .text.list_msgqueue
                0x0800cb4c      0x12c ./rt-thread/components/finsh/cmd.o
                0x0800cb4c                list_msgqueue
 .text.list_mempool
                0x0800cc78      0x144 ./rt-thread/components/finsh/cmd.o
                0x0800cc78                list_mempool
 .text.list_timer
                0x0800cdbc      0x128 ./rt-thread/components/finsh/cmd.o
                0x0800cdbc                list_timer
 .text.list_device
                0x0800cee4       0xf0 ./rt-thread/components/finsh/cmd.o
                0x0800cee4                list_device
 .text.msh_help
                0x0800cfd4       0x5c ./rt-thread/components/finsh/msh.o
                0x0800cfd4                msh_help
 .text.cmd_ps   0x0800d030       0x18 ./rt-thread/components/finsh/msh.o
                0x0800d030                cmd_ps
 .text.cmd_free
                0x0800d048       0x5c ./rt-thread/components/finsh/msh.o
                0x0800d048                cmd_free
 .text.msh_split
                0x0800d0a4      0x170 ./rt-thread/components/finsh/msh.o
 .text.msh_get_cmd
                0x0800d214       0x64 ./rt-thread/components/finsh/msh.o
 .text._msh_exec_cmd
                0x0800d278       0xd4 ./rt-thread/components/finsh/msh.o
 .text.msh_exec
                0x0800d34c       0x8c ./rt-thread/components/finsh/msh.o
                0x0800d34c                msh_exec
 .text.str_common
                0x0800d3d8       0x4c ./rt-thread/components/finsh/msh.o
 .text.msh_auto_complete
                0x0800d424       0xb4 ./rt-thread/components/finsh/msh.o
                0x0800d424                msh_auto_complete
 .text.finsh_get_prompt
                0x0800d4d8       0x7c ./rt-thread/components/finsh/shell.o
                0x0800d4d8                finsh_get_prompt
 .text.finsh_set_prompt_mode
                0x0800d554       0x48 ./rt-thread/components/finsh/shell.o
                0x0800d554                finsh_set_prompt_mode
 .text.finsh_getchar
                0x0800d59c       0x90 ./rt-thread/components/finsh/shell.o
                0x0800d59c                finsh_getchar
 .text.finsh_rx_ind
                0x0800d62c       0x3c ./rt-thread/components/finsh/shell.o
 .text.finsh_set_device
                0x0800d668       0xd8 ./rt-thread/components/finsh/shell.o
                0x0800d668                finsh_set_device
 .text.shell_auto_complete
                0x0800d740       0x34 ./rt-thread/components/finsh/shell.o
 .text.shell_handle_history
                0x0800d774       0x34 ./rt-thread/components/finsh/shell.o
 .text.shell_push_history
                0x0800d7a8      0x160 ./rt-thread/components/finsh/shell.o
 .text.finsh_thread_entry
                0x0800d908      0x5d0 ./rt-thread/components/finsh/shell.o
                0x0800d908                finsh_thread_entry
 .text.finsh_system_function_init
                0x0800ded8       0x2c ./rt-thread/components/finsh/shell.o
                0x0800ded8                finsh_system_function_init
 .text.finsh_system_init
                0x0800df04       0x9c ./rt-thread/components/finsh/shell.o
                0x0800df04                finsh_system_init
 .text._serial_poll_rx
                0x0800dfa0       0x80 ./rt-thread/components/drivers/serial/serial.o
 .text._serial_poll_tx
                0x0800e020       0x7c ./rt-thread/components/drivers/serial/serial.o
 .text._serial_int_rx
                0x0800e09c       0xd8 ./rt-thread/components/drivers/serial/serial.o
 .text._serial_int_tx
                0x0800e174       0xc4 ./rt-thread/components/drivers/serial/serial.o
 .text._serial_check_buffer_size
                0x0800e238       0x38 ./rt-thread/components/drivers/serial/serial.o
 .text.rt_serial_init
                0x0800e270       0x5c ./rt-thread/components/drivers/serial/serial.o
 .text.rt_serial_open
                0x0800e2cc      0x20c ./rt-thread/components/drivers/serial/serial.o
 .text.rt_serial_close
                0x0800e4d8       0xfc ./rt-thread/components/drivers/serial/serial.o
 .text.rt_serial_read
                0x0800e5d4       0x68 ./rt-thread/components/drivers/serial/serial.o
 .text.rt_serial_write
                0x0800e63c       0x68 ./rt-thread/components/drivers/serial/serial.o
 .text.rt_serial_control
                0x0800e6a4       0xd0 ./rt-thread/components/drivers/serial/serial.o
 .text.rt_hw_serial_register
                0x0800e774       0x9c ./rt-thread/components/drivers/serial/serial.o
                0x0800e774                rt_hw_serial_register
 .text.rt_hw_serial_isr
                0x0800e810      0x14c ./rt-thread/components/drivers/serial/serial.o
                0x0800e810                rt_hw_serial_isr
 .text._pin_read
                0x0800e95c       0x60 ./rt-thread/components/drivers/misc/pin.o
 .text._pin_write
                0x0800e9bc       0x5c ./rt-thread/components/drivers/misc/pin.o
 .text._pin_control
                0x0800ea18       0x58 ./rt-thread/components/drivers/misc/pin.o
 .text.rt_device_pin_register
                0x0800ea70       0x74 ./rt-thread/components/drivers/misc/pin.o
                0x0800ea70                rt_device_pin_register
 .text.rt_pin_mode
                0x0800eae4       0x40 ./rt-thread/components/drivers/misc/pin.o
                0x0800eae4                rt_pin_mode
 .text.rt_pin_get
                0x0800eb24       0x60 ./rt-thread/components/drivers/misc/pin.o
                0x0800eb24                rt_pin_get
 .text._pwm_control
                0x0800eb84       0x38 ./rt-thread/components/drivers/misc/rt_drv_pwm.o
 .text._pwm_read
                0x0800ebbc       0x64 ./rt-thread/components/drivers/misc/rt_drv_pwm.o
 .text._pwm_write
                0x0800ec20       0x80 ./rt-thread/components/drivers/misc/rt_drv_pwm.o
 .text.rt_device_pwm_register
                0x0800eca0       0x78 ./rt-thread/components/drivers/misc/rt_drv_pwm.o
                0x0800eca0                rt_device_pwm_register
 .text.rt_pwm_enable
                0x0800ed18       0x5c ./rt-thread/components/drivers/misc/rt_drv_pwm.o
                0x0800ed18                rt_pwm_enable
 .text.rt_pwm_disable
                0x0800ed74       0x5c ./rt-thread/components/drivers/misc/rt_drv_pwm.o
                0x0800ed74                rt_pwm_disable
 .text.rt_pwm_set
                0x0800edd0       0x54 ./rt-thread/components/drivers/misc/rt_drv_pwm.o
                0x0800edd0                rt_pwm_set
 .text.rt_pwm_get
                0x0800ee24       0x34 ./rt-thread/components/drivers/misc/rt_drv_pwm.o
                0x0800ee24                rt_pwm_get
 .text.pwm_enable
                0x0800ee58       0x74 ./rt-thread/components/drivers/misc/rt_drv_pwm.o
 .text.pwm_disable
                0x0800eecc       0x74 ./rt-thread/components/drivers/misc/rt_drv_pwm.o
 .text.pwm_set  0x0800ef40       0x94 ./rt-thread/components/drivers/misc/rt_drv_pwm.o
 .text.pwm_get  0x0800efd4      0x120 ./rt-thread/components/drivers/misc/rt_drv_pwm.o
 .text.rt_list_init
                0x0800f0f4       0x24 ./rt-thread/components/drivers/ipc/completion.o
 .text.rt_list_insert_before
                0x0800f118       0x34 ./rt-thread/components/drivers/ipc/completion.o
 .text.rt_list_isempty
                0x0800f14c       0x24 ./rt-thread/components/drivers/ipc/completion.o
 .text.rt_completion_init
                0x0800f170       0x44 ./rt-thread/components/drivers/ipc/completion.o
                0x0800f170                rt_completion_init
 .text.rt_completion_wait
                0x0800f1b4      0x15c ./rt-thread/components/drivers/ipc/completion.o
                0x0800f1b4                rt_completion_wait
 .text.rt_completion_done
                0x0800f310       0x70 ./rt-thread/components/drivers/ipc/completion.o
                0x0800f310                rt_completion_done
 .text.rt_ringbuffer_status
                0x0800f380       0x50 ./rt-thread/components/drivers/ipc/ringbuffer.o
 .text.rt_ringbuffer_init
                0x0800f3d0       0xa4 ./rt-thread/components/drivers/ipc/ringbuffer.o
                0x0800f3d0                rt_ringbuffer_init
 .text.rt_ringbuffer_put_force
                0x0800f474      0x1ec ./rt-thread/components/drivers/ipc/ringbuffer.o
                0x0800f474                rt_ringbuffer_put_force
 .text.rt_ringbuffer_getchar
                0x0800f660       0xb4 ./rt-thread/components/drivers/ipc/ringbuffer.o
                0x0800f660                rt_ringbuffer_getchar
 .text.rt_ringbuffer_data_len
                0x0800f714       0x68 ./rt-thread/components/drivers/ipc/ringbuffer.o
                0x0800f714                rt_ringbuffer_data_len
 .text.rt_ringbuffer_create
                0x0800f77c       0x74 ./rt-thread/components/drivers/ipc/ringbuffer.o
                0x0800f77c                rt_ringbuffer_create
 .text.rt_ringbuffer_destroy
                0x0800f7f0       0x3c ./rt-thread/components/drivers/ipc/ringbuffer.o
                0x0800f7f0                rt_ringbuffer_destroy
 .text.rt_list_init
                0x0800f82c       0x24 ./rt-thread/components/drivers/ipc/workqueue.o
 .text.rt_list_insert_after
                0x0800f850       0x34 ./rt-thread/components/drivers/ipc/workqueue.o
 .text.rt_list_remove
                0x0800f884       0x38 ./rt-thread/components/drivers/ipc/workqueue.o
 .text.rt_list_isempty
                0x0800f8bc       0x24 ./rt-thread/components/drivers/ipc/workqueue.o
 .text._workqueue_work_completion
                0x0800f8e0       0x4c ./rt-thread/components/drivers/ipc/workqueue.o
 .text._workqueue_thread_entry
                0x0800f92c       0x9c ./rt-thread/components/drivers/ipc/workqueue.o
 .text._workqueue_submit_work
                0x0800f9c8      0x138 ./rt-thread/components/drivers/ipc/workqueue.o
 .text._delayed_work_timeout_handler
                0x0800fb00       0xb4 ./rt-thread/components/drivers/ipc/workqueue.o
 .text.rt_work_init
                0x0800fbb4       0x68 ./rt-thread/components/drivers/ipc/workqueue.o
                0x0800fbb4                rt_work_init
 .text.rt_workqueue_create
                0x0800fc1c       0x94 ./rt-thread/components/drivers/ipc/workqueue.o
                0x0800fc1c                rt_workqueue_create
 .text.rt_workqueue_submit_work
                0x0800fcb0       0x6c ./rt-thread/components/drivers/ipc/workqueue.o
                0x0800fcb0                rt_workqueue_submit_work
 .text.rt_work_submit
                0x0800fd1c       0x28 ./rt-thread/components/drivers/ipc/workqueue.o
                0x0800fd1c                rt_work_submit
 .text.rt_work_sys_workqueue_init
                0x0800fd44       0x4c ./rt-thread/components/drivers/ipc/workqueue.o
 .text._ZN3ros16normalizeSecNSecERmS0_
                0x0800fd90       0x58 ./packages/rosserial-melodic-latest/src/time.o
                0x0800fd90                ros::normalizeSecNSec(unsigned long&, unsigned long&)
 .text.rt_slist_init
                0x0800fde8       0x1c ./packages/at_device-latest/src/at_device.o
 .text.rt_slist_append
                0x0800fe04       0x38 ./packages/at_device-latest/src/at_device.o
 .text.at_device_get_first_initialized
                0x0800fe3c       0x5c ./packages/at_device-latest/src/at_device.o
                0x0800fe3c                at_device_get_first_initialized
 .text.at_device_get_by_name
                0x0800fe98       0xc4 ./packages/at_device-latest/src/at_device.o
                0x0800fe98                at_device_get_by_name
 .text.at_device_get_by_ipaddr
                0x0800ff5c       0x64 ./packages/at_device-latest/src/at_device.o
                0x0800ff5c                at_device_get_by_ipaddr
 .text.at_device_class_register
                0x0800ffc0       0x5c ./packages/at_device-latest/src/at_device.o
                0x0800ffc0                at_device_class_register
 .text.at_device_class_get
                0x0801001c       0x60 ./packages/at_device-latest/src/at_device.o
 .text.at_device_register
                0x0801007c      0x1a4 ./packages/at_device-latest/src/at_device.o
                0x0801007c                at_device_register
 .text.esp8266_device_register
                0x08010220       0x30 ./packages/at_device-latest/samples/at_sample_esp8266.o
 .text.esp8266_get_netdev_info
                0x08010250      0x4a0 ./packages/at_device-latest/class/esp8266/at_device_esp8266.o
 .text.esp8266_netdev_set_up
                0x080106f0       0x6c ./packages/at_device-latest/class/esp8266/at_device_esp8266.o
 .text.esp8266_netdev_set_down
                0x0801075c       0x6c ./packages/at_device-latest/class/esp8266/at_device_esp8266.o
 .text.esp8266_netdev_set_addr_info
                0x080107c8      0x21c ./packages/at_device-latest/class/esp8266/at_device_esp8266.o
 .text.esp8266_netdev_set_dns_server
                0x080109e4      0x124 ./packages/at_device-latest/class/esp8266/at_device_esp8266.o
 .text.esp8266_netdev_set_dhcp
                0x08010b08      0x104 ./packages/at_device-latest/class/esp8266/at_device_esp8266.o
 .text.esp8266_netdev_ping
                0x08010c0c      0x1a4 ./packages/at_device-latest/class/esp8266/at_device_esp8266.o
 .text.esp8266_netdev_netstat
                0x08010db0      0x190 ./packages/at_device-latest/class/esp8266/at_device_esp8266.o
                0x08010db0                esp8266_netdev_netstat
 .text.esp8266_netdev_add
                0x08010f40       0xa0 ./packages/at_device-latest/class/esp8266/at_device_esp8266.o
 .text.esp8266_netdev_start_delay_work
                0x08010fe0       0x40 ./packages/at_device-latest/class/esp8266/at_device_esp8266.o
 .text.esp8266_init_thread_entry
                0x08011020      0x29c ./packages/at_device-latest/class/esp8266/at_device_esp8266.o
 .text.esp8266_net_init
                0x080112bc       0x18 ./packages/at_device-latest/class/esp8266/at_device_esp8266.o
 .text.urc_busy_p_func
                0x080112d4       0x18 ./packages/at_device-latest/class/esp8266/at_device_esp8266.o
 .text.urc_busy_s_func
                0x080112ec       0x18 ./packages/at_device-latest/class/esp8266/at_device_esp8266.o
 .text.urc_func
                0x08011304      0x100 ./packages/at_device-latest/class/esp8266/at_device_esp8266.o
 .text.esp8266_init
                0x08011404       0xc8 ./packages/at_device-latest/class/esp8266/at_device_esp8266.o
 .text.esp8266_deinit
                0x080114cc       0x1c ./packages/at_device-latest/class/esp8266/at_device_esp8266.o
 .text.esp8266_reset
                0x080114e8       0x5c ./packages/at_device-latest/class/esp8266/at_device_esp8266.o
 .text.esp8266_wifi_info_set
                0x08011544       0xe0 ./packages/at_device-latest/class/esp8266/at_device_esp8266.o
 .text.esp8266_control
                0x08011624       0xcc ./packages/at_device-latest/class/esp8266/at_device_esp8266.o
 .text.esp8266_device_class_register
                0x080116f0       0x60 ./packages/at_device-latest/class/esp8266/at_device_esp8266.o
 .text.esp8266_socket_event_send
                0x08011750       0x20 ./packages/at_device-latest/class/esp8266/at_socket_esp8266.o
 .text.esp8266_socket_event_recv
                0x08011770       0x48 ./packages/at_device-latest/class/esp8266/at_socket_esp8266.o
 .text.esp8266_socket_close
                0x080117b8       0x88 ./packages/at_device-latest/class/esp8266/at_socket_esp8266.o
 .text.esp8266_socket_connect
                0x08011840      0x150 ./packages/at_device-latest/class/esp8266/at_socket_esp8266.o
 .text.esp8266_socket_send
                0x08011990      0x20c ./packages/at_device-latest/class/esp8266/at_socket_esp8266.o
 .text.esp8266_domain_resolve
                0x08011b9c      0x150 ./packages/at_device-latest/class/esp8266/at_socket_esp8266.o
 .text.esp8266_socket_set_event_cb
                0x08011cec       0x2c ./packages/at_device-latest/class/esp8266/at_socket_esp8266.o
 .text.urc_send_func
                0x08011d18       0xcc ./packages/at_device-latest/class/esp8266/at_socket_esp8266.o
 .text.urc_send_bfsz_func
                0x08011de4       0x48 ./packages/at_device-latest/class/esp8266/at_socket_esp8266.o
 .text.urc_close_func
                0x08011e2c       0xb8 ./packages/at_device-latest/class/esp8266/at_socket_esp8266.o
 .text.urc_recv_func
                0x08011ee4      0x190 ./packages/at_device-latest/class/esp8266/at_socket_esp8266.o
 .text.esp8266_socket_init
                0x08012074       0x40 ./packages/at_device-latest/class/esp8266/at_socket_esp8266.o
                0x08012074                esp8266_socket_init
 .text.esp8266_socket_class_register
                0x080120b4       0x3c ./packages/at_device-latest/class/esp8266/at_socket_esp8266.o
                0x080120b4                esp8266_socket_class_register
 .text.HAL_Init
                0x080120f0       0x44 ./libraries/STM32F4xx_HAL_Driver/Src/stm32f4xx_hal.o
                0x080120f0                HAL_Init
 .text.HAL_MspInit
                0x08012134       0x10 ./libraries/STM32F4xx_HAL_Driver/Src/stm32f4xx_hal.o
                0x08012134                HAL_MspInit
 .text.HAL_IncTick
                0x08012144       0x28 ./libraries/STM32F4xx_HAL_Driver/Src/stm32f4xx_hal.o
                0x08012144                HAL_IncTick
 .text.HAL_GetTick
                0x0801216c       0x18 ./libraries/STM32F4xx_HAL_Driver/Src/stm32f4xx_hal.o
                0x0801216c                HAL_GetTick
 .text.__NVIC_SetPriorityGrouping
                0x08012184       0x48 ./libraries/STM32F4xx_HAL_Driver/Src/stm32f4xx_hal_cortex.o
 .text.__NVIC_GetPriorityGrouping
                0x080121cc       0x1c ./libraries/STM32F4xx_HAL_Driver/Src/stm32f4xx_hal_cortex.o
 .text.__NVIC_EnableIRQ
                0x080121e8       0x3c ./libraries/STM32F4xx_HAL_Driver/Src/stm32f4xx_hal_cortex.o
 .text.__NVIC_DisableIRQ
                0x08012224       0x44 ./libraries/STM32F4xx_HAL_Driver/Src/stm32f4xx_hal_cortex.o
 .text.__NVIC_SetPriority
                0x08012268       0x54 ./libraries/STM32F4xx_HAL_Driver/Src/stm32f4xx_hal_cortex.o
 .text.NVIC_EncodePriority
                0x080122bc       0x64 ./libraries/STM32F4xx_HAL_Driver/Src/stm32f4xx_hal_cortex.o
 .text.SysTick_Config
                0x08012320       0x44 ./libraries/STM32F4xx_HAL_Driver/Src/stm32f4xx_hal_cortex.o
 .text.HAL_NVIC_SetPriorityGrouping
                0x08012364       0x18 ./libraries/STM32F4xx_HAL_Driver/Src/stm32f4xx_hal_cortex.o
                0x08012364                HAL_NVIC_SetPriorityGrouping
 .text.HAL_NVIC_SetPriority
                0x0801237c       0x38 ./libraries/STM32F4xx_HAL_Driver/Src/stm32f4xx_hal_cortex.o
                0x0801237c                HAL_NVIC_SetPriority
 .text.HAL_NVIC_EnableIRQ
                0x080123b4       0x1c ./libraries/STM32F4xx_HAL_Driver/Src/stm32f4xx_hal_cortex.o
                0x080123b4                HAL_NVIC_EnableIRQ
 .text.HAL_NVIC_DisableIRQ
                0x080123d0       0x1c ./libraries/STM32F4xx_HAL_Driver/Src/stm32f4xx_hal_cortex.o
                0x080123d0                HAL_NVIC_DisableIRQ
 .text.HAL_SYSTICK_Config
                0x080123ec       0x18 ./libraries/STM32F4xx_HAL_Driver/Src/stm32f4xx_hal_cortex.o
                0x080123ec                HAL_SYSTICK_Config
 .text.HAL_SYSTICK_CLKSourceConfig
                0x08012404       0x38 ./libraries/STM32F4xx_HAL_Driver/Src/stm32f4xx_hal_cortex.o
                0x08012404                HAL_SYSTICK_CLKSourceConfig
 .text.HAL_DMA_Start_IT
                0x0801243c       0xc0 ./libraries/STM32F4xx_HAL_Driver/Src/stm32f4xx_hal_dma.o
                0x0801243c                HAL_DMA_Start_IT
 .text.DMA_SetConfig
                0x080124fc       0x5c ./libraries/STM32F4xx_HAL_Driver/Src/stm32f4xx_hal_dma.o
 .text.HAL_GPIO_Init
                0x08012558      0x334 ./libraries/STM32F4xx_HAL_Driver/Src/stm32f4xx_hal_gpio.o
                0x08012558                HAL_GPIO_Init
 .text.HAL_GPIO_DeInit
                0x0801288c      0x1f8 ./libraries/STM32F4xx_HAL_Driver/Src/stm32f4xx_hal_gpio.o
                0x0801288c                HAL_GPIO_DeInit
 .text.HAL_GPIO_ReadPin
                0x08012a84       0x30 ./libraries/STM32F4xx_HAL_Driver/Src/stm32f4xx_hal_gpio.o
                0x08012a84                HAL_GPIO_ReadPin
 .text.HAL_GPIO_WritePin
                0x08012ab4       0x34 ./libraries/STM32F4xx_HAL_Driver/Src/stm32f4xx_hal_gpio.o
                0x08012ab4                HAL_GPIO_WritePin
 .text.HAL_GPIO_EXTI_IRQHandler
                0x08012ae8       0x30 ./libraries/STM32F4xx_HAL_Driver/Src/stm32f4xx_hal_gpio.o
                0x08012ae8                HAL_GPIO_EXTI_IRQHandler
 .text.HAL_RCC_OscConfig
                0x08012b18      0x480 ./libraries/STM32F4xx_HAL_Driver/Src/stm32f4xx_hal_rcc.o
                0x08012b18                HAL_RCC_OscConfig
 .text.HAL_RCC_ClockConfig
                0x08012f98      0x1c4 ./libraries/STM32F4xx_HAL_Driver/Src/stm32f4xx_hal_rcc.o
                0x08012f98                HAL_RCC_ClockConfig
 .text.HAL_RCC_GetSysClockFreq
                0x0801315c      0x1ac ./libraries/STM32F4xx_HAL_Driver/Src/stm32f4xx_hal_rcc.o
                0x0801315c                HAL_RCC_GetSysClockFreq
 .text.HAL_RCC_GetHCLKFreq
                0x08013308       0x18 ./libraries/STM32F4xx_HAL_Driver/Src/stm32f4xx_hal_rcc.o
                0x08013308                HAL_RCC_GetHCLKFreq
 .text.HAL_RCC_GetPCLK1Freq
                0x08013320       0x28 ./libraries/STM32F4xx_HAL_Driver/Src/stm32f4xx_hal_rcc.o
                0x08013320                HAL_RCC_GetPCLK1Freq
 .text.HAL_RCC_GetPCLK2Freq
                0x08013348       0x28 ./libraries/STM32F4xx_HAL_Driver/Src/stm32f4xx_hal_rcc.o
                0x08013348                HAL_RCC_GetPCLK2Freq
 .text.HAL_TIM_PWM_Init
                0x08013370       0x58 ./libraries/STM32F4xx_HAL_Driver/Src/stm32f4xx_hal_tim.o
                0x08013370                HAL_TIM_PWM_Init
 .text.HAL_TIM_PWM_Start
                0x080133c8       0x7c ./libraries/STM32F4xx_HAL_Driver/Src/stm32f4xx_hal_tim.o
                0x080133c8                HAL_TIM_PWM_Start
 .text.HAL_TIM_PWM_Stop
                0x08013444       0xb0 ./libraries/STM32F4xx_HAL_Driver/Src/stm32f4xx_hal_tim.o
                0x08013444                HAL_TIM_PWM_Stop
 .text.HAL_TIM_PWM_ConfigChannel
                0x080134f4      0x18c ./libraries/STM32F4xx_HAL_Driver/Src/stm32f4xx_hal_tim.o
                0x080134f4                HAL_TIM_PWM_ConfigChannel
 .text.HAL_TIM_GenerateEvent
                0x08013680       0x50 ./libraries/STM32F4xx_HAL_Driver/Src/stm32f4xx_hal_tim.o
                0x08013680                HAL_TIM_GenerateEvent
 .text.HAL_TIM_ConfigClockSource
                0x080136d0      0x170 ./libraries/STM32F4xx_HAL_Driver/Src/stm32f4xx_hal_tim.o
                0x080136d0                HAL_TIM_ConfigClockSource
 .text.TIM_Base_SetConfig
                0x08013840      0x140 ./libraries/STM32F4xx_HAL_Driver/Src/stm32f4xx_hal_tim.o
                0x08013840                TIM_Base_SetConfig
 .text.TIM_OC1_SetConfig
                0x08013980       0xe0 ./libraries/STM32F4xx_HAL_Driver/Src/stm32f4xx_hal_tim.o
 .text.TIM_OC2_SetConfig
                0x08013a60       0xec ./libraries/STM32F4xx_HAL_Driver/Src/stm32f4xx_hal_tim.o
                0x08013a60                TIM_OC2_SetConfig
 .text.TIM_OC3_SetConfig
                0x08013b4c       0xe8 ./libraries/STM32F4xx_HAL_Driver/Src/stm32f4xx_hal_tim.o
 .text.TIM_OC4_SetConfig
                0x08013c34       0xac ./libraries/STM32F4xx_HAL_Driver/Src/stm32f4xx_hal_tim.o
 .text.TIM_TI1_ConfigInputStage
                0x08013ce0       0x60 ./libraries/STM32F4xx_HAL_Driver/Src/stm32f4xx_hal_tim.o
 .text.TIM_TI2_ConfigInputStage
                0x08013d40       0x60 ./libraries/STM32F4xx_HAL_Driver/Src/stm32f4xx_hal_tim.o
 .text.TIM_ITRx_SetConfig
                0x08013da0       0x38 ./libraries/STM32F4xx_HAL_Driver/Src/stm32f4xx_hal_tim.o
 .text.TIM_ETR_SetConfig
                0x08013dd8       0x40 ./libraries/STM32F4xx_HAL_Driver/Src/stm32f4xx_hal_tim.o
                0x08013dd8                TIM_ETR_SetConfig
 .text.TIM_CCxChannelCmd
                0x08013e18       0x4c ./libraries/STM32F4xx_HAL_Driver/Src/stm32f4xx_hal_tim.o
                0x08013e18                TIM_CCxChannelCmd
 .text.HAL_TIMEx_MasterConfigSynchronization
                0x08013e64       0x8c ./libraries/STM32F4xx_HAL_Driver/Src/stm32f4xx_hal_tim_ex.o
                0x08013e64                HAL_TIMEx_MasterConfigSynchronization
 .text.HAL_UART_Init
                0x08013ef0       0x9c ./libraries/STM32F4xx_HAL_Driver/Src/stm32f4xx_hal_uart.o
                0x08013ef0                HAL_UART_Init
 .text.HAL_UART_MspInit
                0x08013f8c       0x14 ./libraries/STM32F4xx_HAL_Driver/Src/stm32f4xx_hal_uart.o
                0x08013f8c                HAL_UART_MspInit
 .text.HAL_UART_Transmit_DMA
                0x08013fa0       0xd8 ./libraries/STM32F4xx_HAL_Driver/Src/stm32f4xx_hal_uart.o
                0x08013fa0                HAL_UART_Transmit_DMA
 .text.HAL_UART_TxCpltCallback
                0x08014078       0x14 ./libraries/STM32F4xx_HAL_Driver/Src/stm32f4xx_hal_uart.o
                0x08014078                HAL_UART_TxCpltCallback
 .text.HAL_UART_TxHalfCpltCallback
                0x0801408c       0x14 ./libraries/STM32F4xx_HAL_Driver/Src/stm32f4xx_hal_uart.o
                0x0801408c                HAL_UART_TxHalfCpltCallback
 .text.HAL_UART_ErrorCallback
                0x080140a0       0x14 ./libraries/STM32F4xx_HAL_Driver/Src/stm32f4xx_hal_uart.o
                0x080140a0                HAL_UART_ErrorCallback
 .text.UART_DMATransmitCplt
                0x080140b4       0x54 ./libraries/STM32F4xx_HAL_Driver/Src/stm32f4xx_hal_uart.o
 .text.UART_DMATxHalfCplt
                0x08014108       0x1c ./libraries/STM32F4xx_HAL_Driver/Src/stm32f4xx_hal_uart.o
 .text.UART_DMAError
                0x08014124       0x94 ./libraries/STM32F4xx_HAL_Driver/Src/stm32f4xx_hal_uart.o
 .text.UART_EndTxTransfer
                0x080141b8       0x2c ./libraries/STM32F4xx_HAL_Driver/Src/stm32f4xx_hal_uart.o
 .text.UART_EndRxTransfer
                0x080141e4       0x3c ./libraries/STM32F4xx_HAL_Driver/Src/stm32f4xx_hal_uart.o
 .text.UART_SetConfig
                0x08014220      0x414 ./libraries/STM32F4xx_HAL_Driver/Src/stm32f4xx_hal_uart.o
 .text.Reset_Handler
                0x08014634       0x4c ./libraries/CMSIS/Device/ST/STM32F4xx/Source/Templates/gcc/startup_stm32f407xx.o
                0x08014634                Reset_Handler
 .text.Default_Handler
                0x08014680        0x2 ./libraries/CMSIS/Device/ST/STM32F4xx/Source/Templates/gcc/startup_stm32f407xx.o
                0x08014680                RTC_Alarm_IRQHandler
                0x08014680                HASH_RNG_IRQHandler
                0x08014680                TIM8_CC_IRQHandler
                0x08014680                DebugMon_Handler
                0x08014680                TIM1_CC_IRQHandler
                0x08014680                DMA2_Stream5_IRQHandler
                0x08014680                DMA1_Stream5_IRQHandler
                0x08014680                PVD_IRQHandler
                0x08014680                SDIO_IRQHandler
                0x08014680                TAMP_STAMP_IRQHandler
                0x08014680                NMI_Handler
                0x08014680                CAN2_RX1_IRQHandler
                0x08014680                TIM8_TRG_COM_TIM14_IRQHandler
                0x08014680                TIM1_UP_TIM10_IRQHandler
                0x08014680                TIM8_UP_TIM13_IRQHandler
                0x08014680                I2C3_ER_IRQHandler
                0x08014680                I2C2_EV_IRQHandler
                0x08014680                DMA1_Stream2_IRQHandler
                0x08014680                CAN1_RX0_IRQHandler
                0x08014680                FPU_IRQHandler
                0x08014680                OTG_HS_WKUP_IRQHandler
                0x08014680                UsageFault_Handler
                0x08014680                CAN2_SCE_IRQHandler
                0x08014680                DMA2_Stream2_IRQHandler
                0x08014680                SPI1_IRQHandler
                0x08014680                TIM6_DAC_IRQHandler
                0x08014680                TIM1_BRK_TIM9_IRQHandler
                0x08014680                DCMI_IRQHandler
                0x08014680                CAN2_RX0_IRQHandler
                0x08014680                DMA2_Stream3_IRQHandler
                0x08014680                USART6_IRQHandler
                0x08014680                USART3_IRQHandler
                0x08014680                CAN1_RX1_IRQHandler
                0x08014680                UART5_IRQHandler
                0x08014680                DMA2_Stream0_IRQHandler
                0x08014680                TIM4_IRQHandler
                0x08014680                I2C1_EV_IRQHandler
                0x08014680                DMA1_Stream6_IRQHandler
                0x08014680                DMA1_Stream1_IRQHandler
                0x08014680                UART4_IRQHandler
                0x08014680                TIM3_IRQHandler
                0x08014680                RCC_IRQHandler
                0x08014680                TIM8_BRK_TIM12_IRQHandler
                0x08014680                Default_Handler
                0x08014680                ADC_IRQHandler
                0x08014680                DMA1_Stream7_IRQHandler
                0x08014680                TIM7_IRQHandler
                0x08014680                CAN2_TX_IRQHandler
                0x08014680                TIM5_IRQHandler
                0x08014680                DMA2_Stream7_IRQHandler
                0x08014680                I2C3_EV_IRQHandler
                0x08014680                RTC_WKUP_IRQHandler
                0x08014680                ETH_WKUP_IRQHandler
                0x08014680                SPI2_IRQHandler
                0x08014680                OTG_HS_EP1_IN_IRQHandler
                0x08014680                MemManage_Handler
                0x08014680                DMA1_Stream0_IRQHandler
                0x08014680                CAN1_TX_IRQHandler
                0x08014680                SVC_Handler
                0x08014680                FSMC_IRQHandler
                0x08014680                ETH_IRQHandler
                0x08014680                OTG_HS_EP1_OUT_IRQHandler
                0x08014680                WWDG_IRQHandler
                0x08014680                TIM2_IRQHandler
                0x08014680                OTG_FS_WKUP_IRQHandler
                0x08014680                TIM1_TRG_COM_TIM11_IRQHandler
                0x08014680                OTG_HS_IRQHandler
                0x08014680                I2C2_ER_IRQHandler
                0x08014680                DMA2_Stream1_IRQHandler
                0x08014680                CAN1_SCE_IRQHandler
                0x08014680                FLASH_IRQHandler
                0x08014680                DMA2_Stream4_IRQHandler
                0x08014680                BusFault_Handler
                0x08014680                OTG_FS_IRQHandler
                0x08014680                SPI3_IRQHandler
                0x08014680                DMA1_Stream4_IRQHandler
                0x08014680                I2C1_ER_IRQHandler
                0x08014680                DMA2_Stream6_IRQHandler
                0x08014680                DMA1_Stream3_IRQHandler